Archive member included to satisfy reference by file (symbol)

c:/st/stm32cubeide_1.3.0/stm32cubeide/plugins/com.st.stm32cube.ide.mcu.externaltools.gnu-tools-for-stm32.7-2018-q2-update.win32_1.4.0.202007081208/tools/bin/../lib/gcc/arm-none-eabi/7.3.1/../../../../arm-none-eabi/lib/thumb/v7e-m/fpv5/hard\libc_nano.a(lib_a-errno.o)
                              Core/Src/syscalls.o (__errno)
c:/st/stm32cubeide_1.3.0/stm32cubeide/plugins/com.st.stm32cube.ide.mcu.externaltools.gnu-tools-for-stm32.7-2018-q2-update.win32_1.4.0.202007081208/tools/bin/../lib/gcc/arm-none-eabi/7.3.1/../../../../arm-none-eabi/lib/thumb/v7e-m/fpv5/hard\libc_nano.a(lib_a-exit.o)
                              c:/st/stm32cubeide_1.3.0/stm32cubeide/plugins/com.st.stm32cube.ide.mcu.externaltools.gnu-tools-for-stm32.7-2018-q2-update.win32_1.4.0.202007081208/tools/bin/../lib/gcc/arm-none-eabi/7.3.1/../../../../arm-none-eabi/lib/thumb/v7e-m/fpv5/hard/crt0.o (exit)
c:/st/stm32cubeide_1.3.0/stm32cubeide/plugins/com.st.stm32cube.ide.mcu.externaltools.gnu-tools-for-stm32.7-2018-q2-update.win32_1.4.0.202007081208/tools/bin/../lib/gcc/arm-none-eabi/7.3.1/../../../../arm-none-eabi/lib/thumb/v7e-m/fpv5/hard\libc_nano.a(lib_a-impure.o)
                              c:/st/stm32cubeide_1.3.0/stm32cubeide/plugins/com.st.stm32cube.ide.mcu.externaltools.gnu-tools-for-stm32.7-2018-q2-update.win32_1.4.0.202007081208/tools/bin/../lib/gcc/arm-none-eabi/7.3.1/../../../../arm-none-eabi/lib/thumb/v7e-m/fpv5/hard\libc_nano.a(lib_a-exit.o) (_global_impure_ptr)
c:/st/stm32cubeide_1.3.0/stm32cubeide/plugins/com.st.stm32cube.ide.mcu.externaltools.gnu-tools-for-stm32.7-2018-q2-update.win32_1.4.0.202007081208/tools/bin/../lib/gcc/arm-none-eabi/7.3.1/../../../../arm-none-eabi/lib/thumb/v7e-m/fpv5/hard\libc_nano.a(lib_a-init.o)
                              c:/st/stm32cubeide_1.3.0/stm32cubeide/plugins/com.st.stm32cube.ide.mcu.externaltools.gnu-tools-for-stm32.7-2018-q2-update.win32_1.4.0.202007081208/tools/bin/../lib/gcc/arm-none-eabi/7.3.1/../../../../arm-none-eabi/lib/thumb/v7e-m/fpv5/hard/crt0.o (__libc_init_array)
c:/st/stm32cubeide_1.3.0/stm32cubeide/plugins/com.st.stm32cube.ide.mcu.externaltools.gnu-tools-for-stm32.7-2018-q2-update.win32_1.4.0.202007081208/tools/bin/../lib/gcc/arm-none-eabi/7.3.1/../../../../arm-none-eabi/lib/thumb/v7e-m/fpv5/hard\libc_nano.a(lib_a-memset.o)
                              c:/st/stm32cubeide_1.3.0/stm32cubeide/plugins/com.st.stm32cube.ide.mcu.externaltools.gnu-tools-for-stm32.7-2018-q2-update.win32_1.4.0.202007081208/tools/bin/../lib/gcc/arm-none-eabi/7.3.1/../../../../arm-none-eabi/lib/thumb/v7e-m/fpv5/hard/crt0.o (memset)
c:/st/stm32cubeide_1.3.0/stm32cubeide/plugins/com.st.stm32cube.ide.mcu.externaltools.gnu-tools-for-stm32.7-2018-q2-update.win32_1.4.0.202007081208/tools/bin/../lib/gcc/arm-none-eabi/7.3.1/../../../../arm-none-eabi/lib/thumb/v7e-m/fpv5/hard\libc_nano.a(lib_a-nano-vfprintf_float.o)
                              (_printf_float)
c:/st/stm32cubeide_1.3.0/stm32cubeide/plugins/com.st.stm32cube.ide.mcu.externaltools.gnu-tools-for-stm32.7-2018-q2-update.win32_1.4.0.202007081208/tools/bin/../lib/gcc/arm-none-eabi/7.3.1/../../../../arm-none-eabi/lib/thumb/v7e-m/fpv5/hard\libc_nano.a(lib_a-nano-vfprintf_i.o)
                              c:/st/stm32cubeide_1.3.0/stm32cubeide/plugins/com.st.stm32cube.ide.mcu.externaltools.gnu-tools-for-stm32.7-2018-q2-update.win32_1.4.0.202007081208/tools/bin/../lib/gcc/arm-none-eabi/7.3.1/../../../../arm-none-eabi/lib/thumb/v7e-m/fpv5/hard\libc_nano.a(lib_a-nano-vfprintf_float.o) (_printf_common)
c:/st/stm32cubeide_1.3.0/stm32cubeide/plugins/com.st.stm32cube.ide.mcu.externaltools.gnu-tools-for-stm32.7-2018-q2-update.win32_1.4.0.202007081208/tools/bin/../lib/gcc/arm-none-eabi/7.3.1/../../../../arm-none-eabi/lib/thumb/v7e-m/fpv5/hard\libc_nano.a(lib_a-strlen.o)
                              c:/st/stm32cubeide_1.3.0/stm32cubeide/plugins/com.st.stm32cube.ide.mcu.externaltools.gnu-tools-for-stm32.7-2018-q2-update.win32_1.4.0.202007081208/tools/bin/../lib/gcc/arm-none-eabi/7.3.1/../../../../arm-none-eabi/lib/thumb/v7e-m/fpv5/hard\libc_nano.a(lib_a-nano-vfprintf_float.o) (strlen)
c:/st/stm32cubeide_1.3.0/stm32cubeide/plugins/com.st.stm32cube.ide.mcu.externaltools.gnu-tools-for-stm32.7-2018-q2-update.win32_1.4.0.202007081208/tools/bin/../lib/gcc/arm-none-eabi/7.3.1/../../../../arm-none-eabi/lib/thumb/v7e-m/fpv5/hard\libc_nano.a(lib_a-strncmp.o)
                              Core/Src/main.o (strncmp)
c:/st/stm32cubeide_1.3.0/stm32cubeide/plugins/com.st.stm32cube.ide.mcu.externaltools.gnu-tools-for-stm32.7-2018-q2-update.win32_1.4.0.202007081208/tools/bin/../lib/gcc/arm-none-eabi/7.3.1/../../../../arm-none-eabi/lib/thumb/v7e-m/fpv5/hard\libc_nano.a(lib_a-strstr.o)
                              Core/Src/main.o (strstr)
[...]
Memory Configuration

Name             Origin             Length             Attributes
RAM              0x0000000020000000 0x0000000000080000 xrw
FLASH            0x0000000008000000 0x0000000000200000 xr
*default*        0x0000000000000000 0xffffffffffffffff

Linker script and memory map

LOAD c:/st/stm32cubeide_1.3.0/stm32cubeide/plugins/com.st.stm32cube.ide.mcu.externaltools.gnu-tools-for-stm32.7-2018-q2-update.win32_1.4.0.202007081208/tools/bin/../lib/gcc/arm-none-eabi/7.3.1/thumb/v7e-m/fpv5/hard/crti.o
LOAD c:/st/stm32cubeide_1.3.0/stm32cubeide/plugins/com.st.stm32cube.ide.mcu.externaltools.gnu-tools-for-stm32.7-2018-q2-update.win32_1.4.0.202007081208/tools/bin/../lib/gcc/arm-none-eabi/7.3.1/thumb/v7e-m/fpv5/hard/crtbegin.o
LOAD c:/st/stm32cubeide_1.3.0/stm32cubeide/plugins/com.st.stm32cube.ide.mcu.externaltools.gnu-tools-for-stm32.7-2018-q2-update.win32_1.4.0.202007081208/tools/bin/../lib/gcc/arm-none-eabi/7.3.1/../../../../arm-none-eabi/lib/thumb/v7e-m/fpv5/hard/crt0.o
LOAD Core/Src/common.o
LOAD Core/Src/flash_if.o
LOAD Core/Src/main.o
LOAD Core/Src/menu.o
LOAD Core/Src/stm32f7xx_hal_msp.o
LOAD Core/Src/stm32f7xx_it.o
LOAD Core/Src/syscalls.o
LOAD Core/Src/sysmem.o
LOAD Core/Src/system_stm32f7xx.o
LOAD Core/Src/ymodem.o
LOAD Core/Startup/startup_stm32f767zitx.o
LOAD Drivers/STM32F7xx_HAL_Driver/Src/stm32f7xx_hal.o
LOAD Drivers/STM32F7xx_HAL_Driver/Src/stm32f7xx_hal_cortex.o
LOAD Drivers/STM32F7xx_HAL_Driver/Src/stm32f7xx_hal_dma.o
LOAD Drivers/STM32F7xx_HAL_Driver/Src/stm32f7xx_hal_dma_ex.o
LOAD Drivers/STM32F7xx_HAL_Driver/Src/stm32f7xx_hal_exti.o
LOAD Drivers/STM32F7xx_HAL_Driver/Src/stm32f7xx_hal_flash.o
LOAD Drivers/STM32F7xx_HAL_Driver/Src/stm32f7xx_hal_flash_ex.o
LOAD Drivers/STM32F7xx_HAL_Driver/Src/stm32f7xx_hal_gpio.o
LOAD Drivers/STM32F7xx_HAL_Driver/Src/stm32f7xx_hal_i2c.o
LOAD Drivers/STM32F7xx_HAL_Driver/Src/stm32f7xx_hal_i2c_ex.o
LOAD Drivers/STM32F7xx_HAL_Driver/Src/stm32f7xx_hal_pwr.o
LOAD Drivers/STM32F7xx_HAL_Driver/Src/stm32f7xx_hal_pwr_ex.o
LOAD Drivers/STM32F7xx_HAL_Driver/Src/stm32f7xx_hal_rcc.o
LOAD Drivers/STM32F7xx_HAL_Driver/Src/stm32f7xx_hal_rcc_ex.o
LOAD Drivers/STM32F7xx_HAL_Driver/Src/stm32f7xx_hal_tim.o
LOAD Drivers/STM32F7xx_HAL_Driver/Src/stm32f7xx_hal_tim_ex.o
LOAD Drivers/STM32F7xx_HAL_Driver/Src/stm32f7xx_hal_uart.o
LOAD Drivers/STM32F7xx_HAL_Driver/Src/stm32f7xx_hal_uart_ex.o
START GROUP
LOAD c:/st/stm32cubeide_1.3.0/stm32cubeide/plugins/com.st.stm32cube.ide.mcu.externaltools.gnu-tools-for-stm32.7-2018-q2-update.win32_1.4.0.202007081208/tools/bin/../lib/gcc/arm-none-eabi/7.3.1/../../../../arm-none-eabi/lib/thumb/v7e-m/fpv5/hard\libc_nano.a
LOAD c:/st/stm32cubeide_1.3.0/stm32cubeide/plugins/com.st.stm32cube.ide.mcu.externaltools.gnu-tools-for-stm32.7-2018-q2-update.win32_1.4.0.202007081208/tools/bin/../lib/gcc/arm-none-eabi/7.3.1/../../../../arm-none-eabi/lib/thumb/v7e-m/fpv5/hard\libm.a
END GROUP
START GROUP
LOAD c:/st/stm32cubeide_1.3.0/stm32cubeide/plugins/com.st.stm32cube.ide.mcu.externaltools.gnu-tools-for-stm32.7-2018-q2-update.win32_1.4.0.202007081208/tools/bin/../lib/gcc/arm-none-eabi/7.3.1/thumb/v7e-m/fpv5/hard\libgcc.a
LOAD c:/st/stm32cubeide_1.3.0/stm32cubeide/plugins/com.st.stm32cube.ide.mcu.externaltools.gnu-tools-for-stm32.7-2018-q2-update.win32_1.4.0.202007081208/tools/bin/../lib/gcc/arm-none-eabi/7.3.1/../../../../arm-none-eabi/lib/thumb/v7e-m/fpv5/hard\libc_nano.a
END GROUP
START GROUP
LOAD c:/st/stm32cubeide_1.3.0/stm32cubeide/plugins/com.st.stm32cube.ide.mcu.externaltools.gnu-tools-for-stm32.7-2018-q2-update.win32_1.4.0.202007081208/tools/bin/../lib/gcc/arm-none-eabi/7.3.1/thumb/v7e-m/fpv5/hard\libgcc.a
LOAD c:/st/stm32cubeide_1.3.0/stm32cubeide/plugins/com.st.stm32cube.ide.mcu.externaltools.gnu-tools-for-stm32.7-2018-q2-update.win32_1.4.0.202007081208/tools/bin/../lib/gcc/arm-none-eabi/7.3.1/../../../../arm-none-eabi/lib/thumb/v7e-m/fpv5/hard\libc_nano.a
LOAD c:/st/stm32cubeide_1.3.0/stm32cubeide/plugins/com.st.stm32cube.ide.mcu.externaltools.gnu-tools-for-stm32.7-2018-q2-update.win32_1.4.0.202007081208/tools/bin/../lib/gcc/arm-none-eabi/7.3.1/../../../../arm-none-eabi/lib/thumb/v7e-m/fpv5/hard\libnosys.a
END GROUP
START GROUP
LOAD c:/st/stm32cubeide_1.3.0/stm32cubeide/plugins/com.st.stm32cube.ide.mcu.externaltools.gnu-tools-for-stm32.7-2018-q2-update.win32_1.4.0.202007081208/tools/bin/../lib/gcc/arm-none-eabi/7.3.1/thumb/v7e-m/fpv5/hard\libgcc.a
LOAD c:/st/stm32cubeide_1.3.0/stm32cubeide/plugins/com.st.stm32cube.ide.mcu.externaltools.gnu-tools-for-stm32.7-2018-q2-update.win32_1.4.0.202007081208/tools/bin/../lib/gcc/arm-none-eabi/7.3.1/../../../../arm-none-eabi/lib/thumb/v7e-m/fpv5/hard\libc_nano.a
LOAD c:/st/stm32cubeide_1.3.0/stm32cubeide/plugins/com.st.stm32cube.ide.mcu.externaltools.gnu-tools-for-stm32.7-2018-q2-update.win32_1.4.0.202007081208/tools/bin/../lib/gcc/arm-none-eabi/7.3.1/../../../../arm-none-eabi/lib/thumb/v7e-m/fpv5/hard\libnosys.a
END GROUP
LOAD c:/st/stm32cubeide_1.3.0/stm32cubeide/plugins/com.st.stm32cube.ide.mcu.externaltools.gnu-tools-for-stm32.7-2018-q2-update.win32_1.4.0.202007081208/tools/bin/../lib/gcc/arm-none-eabi/7.3.1/thumb/v7e-m/fpv5/hard/crtend.o
LOAD c:/st/stm32cubeide_1.3.0/stm32cubeide/plugins/com.st.stm32cube.ide.mcu.externaltools.gnu-tools-for-stm32.7-2018-q2-update.win32_1.4.0.202007081208/tools/bin/../lib/gcc/arm-none-eabi/7.3.1/thumb/v7e-m/fpv5/hard/crtn.o
                0x0000000020080000                _estack = (ORIGIN (RAM) + LENGTH (RAM))
                0x0000000000000200                _Min_Heap_Size = 0x200
                0x0000000000000400                _Min_Stack_Size = 0x400

.isr_vector     0x0000000008000000      0x1f8
                0x0000000008000000                . = ALIGN (0x4)
 *(.isr_vector)
 .isr_vector    0x0000000008000000      0x1f8 Core/Startup/startup_stm32f767zitx.o
                0x0000000008000000                g_pfnVectors
                0x00000000080001f8                . = ALIGN (0x4)

.text           0x00000000080001f8     0x5b4c
                0x00000000080001f8                . = ALIGN (0x4)
 *(.text)
 .text          0x00000000080001f8       0x40 c:/st/stm32cubeide_1.3.0/stm32cubeide/plugins/com.st.stm32cube.ide.mcu.externaltools.gnu-tools-for-stm32.7-2018-q2-update.win32_1.4.0.202007081208/tools/bin/../lib/gcc/arm-none-eabi/7.3.1/thumb/v7e-m/fpv5/hard/crtbegin.o
 .text          0x0000000008000238       0x10 c:/st/stm32cubeide_1.3.0/stm32cubeide/plugins/com.st.stm32cube.ide.mcu.externaltools.gnu-tools-for-stm32.7-2018-q2-update.win32_1.4.0.202007081208/tools/bin/../lib/gcc/arm-none-eabi/7.3.1/../../../../arm-none-eabi/lib/thumb/v7e-m/fpv5/hard\libc_nano.a(lib_a-strlen.o)
                0x0000000008000238                strlen
 .text          0x0000000008000248       0x30 c:/st/stm32cubeide_1.3.0/stm32cubeide/plugins/com.st.stm32cube.ide.mcu.externaltools.gnu-tools-for-stm32.7-2018-q2-update.win32_1.4.0.202007081208/tools/bin/../lib/gcc/arm-none-eabi/7.3.1/thumb/v7e-m/fpv5/hard\libgcc.a(_aeabi_uldivmod.o)
                0x0000000008000248                __aeabi_uldivmod
 .text          0x0000000008000278      0x2cc c:/st/stm32cubeide_1.3.0/stm32cubeide/plugins/com.st.stm32cube.ide.mcu.externaltools.gnu-tools-for-stm32.7-2018-q2-update.win32_1.4.0.202007081208/tools/bin/../lib/gcc/arm-none-eabi/7.3.1/thumb/v7e-m/fpv5/hard\libgcc.a(_udivmoddi4.o)
                0x0000000008000278                __udivmoddi4
 .text          0x0000000008000544        0x4 c:/st/stm32cubeide_1.3.0/stm32cubeide/plugins/com.st.stm32cube.ide.mcu.externaltools.gnu-tools-for-stm32.7-2018-q2-update.win32_1.4.0.202007081208/tools/bin/../lib/gcc/arm-none-eabi/7.3.1/thumb/v7e-m/fpv5/hard\libgcc.a(_dvmd_tls.o)
                0x0000000008000544                __aeabi_idiv0
                0x0000000008000544                __aeabi_ldiv0
 *(.text*)
 .text.Int2Str  0x0000000008000548       0xa8 Core/Src/common.o
                0x0000000008000548                Int2Str
 .text.Str2Int  0x00000000080005f0      0x1e8 Core/Src/common.o
                0x00000000080005f0                Str2Int
 .text.Serial_PutString
                0x00000000080007d8       0x40 Core/Src/common.o
                0x00000000080007d8                Serial_PutString
 .text.Serial_PutByte
                0x0000000008000818       0x34 Core/Src/common.o
                0x0000000008000818                Serial_PutByte
 .text.FLASH_If_Init
                0x000000000800084c       0x18 Core/Src/flash_if.o
                0x000000000800084c                FLASH_If_Init
 .text.FLASH_If_Erase
                0x0000000008000864       0x4c Core/Src/flash_if.o
                0x0000000008000864                FLASH_If_Erase
 .text.FLASH_If_Write
                0x00000000080008b0       0x7c Core/Src/flash_if.o
                0x00000000080008b0                FLASH_If_Write
 .text.GetSector
                0x000000000800092c       0xd4 Core/Src/flash_if.o
 .text.main     0x0000000008000a00       0xe8 Core/Src/main.o
                0x0000000008000a00                main
 .text.SystemClock_Config
                0x0000000008000ae8       0xf4 Core/Src/main.o
                0x0000000008000ae8                SystemClock_Config
 .text.MX_USART6_UART_Init
                0x0000000008000bdc       0x60 Core/Src/main.o
 .text.MX_GPIO_Init
                0x0000000008000c3c       0x7c Core/Src/main.o
 .text.HAL_UART_RxCpltCallback
                0x0000000008000cb8       0x54 Core/Src/main.o
                0x0000000008000cb8                HAL_UART_RxCpltCallback
 .text.checkBLECommandFromBLEGateway
                0x0000000008000d0c       0x40 Core/Src/main.o
                0x0000000008000d0c                checkBLECommandFromBLEGateway
 .text.Error_Handler
                0x0000000008000d4c        0xe Core/Src/main.o
                0x0000000008000d4c                Error_Handler
 *fill*         0x0000000008000d5a        0x2 
 .text.__NVIC_SystemReset
                0x0000000008000d5c       0x28 Core/Src/menu.o
 .text.SerialDownload
                0x0000000008000d84       0xdc Core/Src/menu.o
                0x0000000008000d84                SerialDownload
 .text.Main_Menu
                0x0000000008000e60       0x78 Core/Src/menu.o
                0x0000000008000e60                Main_Menu
 .text.HAL_MspInit
                0x0000000008000ed8       0x48 Core/Src/stm32f7xx_hal_msp.o
                0x0000000008000ed8                HAL_MspInit
 .text.HAL_UART_MspInit
                0x0000000008000f20       0x98 Core/Src/stm32f7xx_hal_msp.o
                0x0000000008000f20                HAL_UART_MspInit
 .text.NMI_Handler
                0x0000000008000fb8        0xe Core/Src/stm32f7xx_it.o
                0x0000000008000fb8                NMI_Handler
 .text.HardFault_Handler
                0x0000000008000fc6        0x6 Core/Src/stm32f7xx_it.o
                0x0000000008000fc6                HardFault_Handler
 .text.MemManage_Handler
                0x0000000008000fcc        0x6 Core/Src/stm32f7xx_it.o
                0x0000000008000fcc                MemManage_Handler
 .text.BusFault_Handler
                0x0000000008000fd2        0x6 Core/Src/stm32f7xx_it.o
                0x0000000008000fd2                BusFault_Handler
 .text.UsageFault_Handler
                0x0000000008000fd8        0x6 Core/Src/stm32f7xx_it.o
                0x0000000008000fd8                UsageFault_Handler
 .text.SVC_Handler
                0x0000000008000fde        0xe Core/Src/stm32f7xx_it.o
                0x0000000008000fde                SVC_Handler
 .text.DebugMon_Handler
                0x0000000008000fec        0xe Core/Src/stm32f7xx_it.o
                0x0000000008000fec                DebugMon_Handler
 .text.PendSV_Handler
                0x0000000008000ffa        0xe Core/Src/stm32f7xx_it.o
                0x0000000008000ffa                PendSV_Handler
 .text.SysTick_Handler
                0x0000000008001008        0xc Core/Src/stm32f7xx_it.o
                0x0000000008001008                SysTick_Handler
 .text.USART6_IRQHandler
                0x0000000008001014       0x14 Core/Src/stm32f7xx_it.o
                0x0000000008001014                USART6_IRQHandler
 .text._sbrk    0x0000000008001028       0x58 Core/Src/sysmem.o
                0x0000000008001028                _sbrk
 .text.SystemInit
                0x0000000008001080       0x6c Core/Src/system_stm32f7xx.o
                0x0000000008001080                SystemInit
 .text.__NVIC_SystemReset
                0x00000000080010ec       0x28 Core/Src/ymodem.o
 .text.ReceivePacket
                0x0000000008001114      0x134 Core/Src/ymodem.o
 .text.UpdateCRC16
                0x0000000008001248       0x66 Core/Src/ymodem.o
                0x0000000008001248                UpdateCRC16
 .text.Cal_CRC16
                0x00000000080012ae       0x62 Core/Src/ymodem.o
                0x00000000080012ae                Cal_CRC16
 .text.Ymodem_Receive
                0x0000000008001310      0x250 Core/Src/ymodem.o
                0x0000000008001310                Ymodem_Receive
 .text.Reset_Handler
                0x0000000008001560       0x50 Core/Startup/startup_stm32f767zitx.o
                0x0000000008001560                Reset_Handler
 .text.Default_Handler
                0x00000000080015b0        0x2 Core/Startup/startup_stm32f767zitx.o
                0x00000000080015b0                RTC_Alarm_IRQHandler
                0x00000000080015b0                EXTI2_IRQHandler
                0x00000000080015b0                TIM8_CC_IRQHandler
                0x00000000080015b0                UART8_IRQHandler
                0x00000000080015b0                SPI4_IRQHandler
                0x00000000080015b0                TIM1_CC_IRQHandler
                0x00000000080015b0                DMA2_Stream5_IRQHandler
                0x00000000080015b0                JPEG_IRQHandler
                0x00000000080015b0                DMA1_Stream5_IRQHandler
                0x00000000080015b0                CAN3_RX1_IRQHandler
                0x00000000080015b0                PVD_IRQHandler
                0x00000000080015b0                TAMP_STAMP_IRQHandler
                0x00000000080015b0                CAN2_RX1_IRQHandler
                0x00000000080015b0                EXTI3_IRQHandler
                0x00000000080015b0                TIM8_TRG_COM_TIM14_IRQHandler
                0x00000000080015b0                DFSDM1_FLT1_IRQHandler
                0x00000000080015b0                TIM1_UP_TIM10_IRQHandler
                0x00000000080015b0                TIM8_UP_TIM13_IRQHandler
                0x00000000080015b0                I2C3_ER_IRQHandler
                0x00000000080015b0                DFSDM1_FLT2_IRQHandler
                0x00000000080015b0                EXTI0_IRQHandler
                0x00000000080015b0                I2C2_EV_IRQHandler
                0x00000000080015b0                DMA1_Stream2_IRQHandler
                0x00000000080015b0                CAN1_RX0_IRQHandler
                0x00000000080015b0                FPU_IRQHandler
                0x00000000080015b0                OTG_HS_WKUP_IRQHandler
                0x00000000080015b0                CAN3_SCE_IRQHandler
                0x00000000080015b0                LTDC_ER_IRQHandler
                0x00000000080015b0                CAN2_SCE_IRQHandler
                0x00000000080015b0                DMA2_Stream2_IRQHandler
                0x00000000080015b0                SPI1_IRQHandler
                0x00000000080015b0                TIM6_DAC_IRQHandler
                0x00000000080015b0                TIM1_BRK_TIM9_IRQHandler
                0x00000000080015b0                DCMI_IRQHandler
                0x00000000080015b0                CAN2_RX0_IRQHandler
                0x00000000080015b0                DMA2_Stream3_IRQHandler
                0x00000000080015b0                SAI2_IRQHandler
                0x00000000080015b0                DFSDM1_FLT3_IRQHandler
                0x00000000080015b0                CAN3_RX0_IRQHandler
                0x00000000080015b0                USART3_IRQHandler
                0x00000000080015b0                CAN1_RX1_IRQHandler
                0x00000000080015b0                UART5_IRQHandler
                0x00000000080015b0                DMA2_Stream0_IRQHandler
                0x00000000080015b0                TIM4_IRQHandler
                0x00000000080015b0                QUADSPI_IRQHandler
                0x00000000080015b0                I2C1_EV_IRQHandler
                0x00000000080015b0                DMA1_Stream6_IRQHandler
                0x00000000080015b0                DMA1_Stream1_IRQHandler
                0x00000000080015b0                UART4_IRQHandler
                0x00000000080015b0                TIM3_IRQHandler
                0x00000000080015b0                RCC_IRQHandler
                0x00000000080015b0                TIM8_BRK_TIM12_IRQHandler
                0x00000000080015b0                Default_Handler
                0x00000000080015b0                CEC_IRQHandler
                0x00000000080015b0                EXTI15_10_IRQHandler
                0x00000000080015b0                ADC_IRQHandler
                0x00000000080015b0                DMA1_Stream7_IRQHandler
                0x00000000080015b0                SPI5_IRQHandler
                0x00000000080015b0                TIM7_IRQHandler
                0x00000000080015b0                SDMMC1_IRQHandler
                0x00000000080015b0                CAN2_TX_IRQHandler
                0x00000000080015b0                TIM5_IRQHandler
                0x00000000080015b0                DMA2_Stream7_IRQHandler
                0x00000000080015b0                I2C3_EV_IRQHandler
                0x00000000080015b0                EXTI9_5_IRQHandler
                0x00000000080015b0                RTC_WKUP_IRQHandler
                0x00000000080015b0                LTDC_IRQHandler
                0x00000000080015b0                ETH_WKUP_IRQHandler
                0x00000000080015b0                SPDIF_RX_IRQHandler
                0x00000000080015b0                SPI2_IRQHandler
                0x00000000080015b0                OTG_HS_EP1_IN_IRQHandler
                0x00000000080015b0                DMA1_Stream0_IRQHandler
                0x00000000080015b0                CAN1_TX_IRQHandler
                0x00000000080015b0                EXTI4_IRQHandler
                0x00000000080015b0                RNG_IRQHandler
                0x00000000080015b0                ETH_IRQHandler
                0x00000000080015b0                OTG_HS_EP1_OUT_IRQHandler
                0x00000000080015b0                WWDG_IRQHandler
                0x00000000080015b0                SPI6_IRQHandler
                0x00000000080015b0                MDIOS_IRQHandler
                0x00000000080015b0                I2C4_EV_IRQHandler
                0x00000000080015b0                CAN3_TX_IRQHandler
                0x00000000080015b0                TIM2_IRQHandler
                0x00000000080015b0                OTG_FS_WKUP_IRQHandler
                0x00000000080015b0                TIM1_TRG_COM_TIM11_IRQHandler
                0x00000000080015b0                OTG_HS_IRQHandler
                0x00000000080015b0                DMA2D_IRQHandler
                0x00000000080015b0                EXTI1_IRQHandler
                0x00000000080015b0                SDMMC2_IRQHandler
                0x00000000080015b0                UART7_IRQHandler
                0x00000000080015b0                USART2_IRQHandler
                0x00000000080015b0                DFSDM1_FLT0_IRQHandler
                0x00000000080015b0                I2C2_ER_IRQHandler
                0x00000000080015b0                DMA2_Stream1_IRQHandler
                0x00000000080015b0                CAN1_SCE_IRQHandler
                0x00000000080015b0                FLASH_IRQHandler
                0x00000000080015b0                DMA2_Stream4_IRQHandler
                0x00000000080015b0                USART1_IRQHandler
                0x00000000080015b0                OTG_FS_IRQHandler
                0x00000000080015b0                SPI3_IRQHandler
                0x00000000080015b0                DMA1_Stream4_IRQHandler
                0x00000000080015b0                I2C1_ER_IRQHandler
                0x00000000080015b0                FMC_IRQHandler
                0x00000000080015b0                LPTIM1_IRQHandler
                0x00000000080015b0                I2C4_ER_IRQHandler
                0x00000000080015b0                DMA2_Stream6_IRQHandler
                0x00000000080015b0                SAI1_IRQHandler
                0x00000000080015b0                DMA1_Stream3_IRQHandler
 .text.HAL_Init
                0x00000000080015b2       0x1a Drivers/STM32F7xx_HAL_Driver/Src/stm32f7xx_hal.o
                0x00000000080015b2                HAL_Init
 .text.HAL_InitTick
                0x00000000080015cc       0x60 Drivers/STM32F7xx_HAL_Driver/Src/stm32f7xx_hal.o
                0x00000000080015cc                HAL_InitTick
 .text.HAL_IncTick
                0x000000000800162c       0x28 Drivers/STM32F7xx_HAL_Driver/Src/stm32f7xx_hal.o
                0x000000000800162c                HAL_IncTick
 .text.HAL_GetTick
                0x0000000008001654       0x18 Drivers/STM32F7xx_HAL_Driver/Src/stm32f7xx_hal.o
                0x0000000008001654                HAL_GetTick
 .text.HAL_Delay
                0x000000000800166c       0x44 Drivers/STM32F7xx_HAL_Driver/Src/stm32f7xx_hal.o
                0x000000000800166c                HAL_Delay
 .text.__NVIC_SetPriorityGrouping
                0x00000000080016b0       0x48 Drivers/STM32F7xx_HAL_Driver/Src/stm32f7xx_hal_cortex.o
 .text.__NVIC_GetPriorityGrouping
                0x00000000080016f8       0x1c Drivers/STM32F7xx_HAL_Driver/Src/stm32f7xx_hal_cortex.o
 .text.__NVIC_EnableIRQ
                0x0000000008001714       0x3c Drivers/STM32F7xx_HAL_Driver/Src/stm32f7xx_hal_cortex.o
 .text.__NVIC_SetPriority
                0x0000000008001750       0x54 Drivers/STM32F7xx_HAL_Driver/Src/stm32f7xx_hal_cortex.o
 .text.NVIC_EncodePriority
                0x00000000080017a4       0x66 Drivers/STM32F7xx_HAL_Driver/Src/stm32f7xx_hal_cortex.o
 *fill*         0x000000000800180a        0x2 
 .text.SysTick_Config
                0x000000000800180c       0x44 Drivers/STM32F7xx_HAL_Driver/Src/stm32f7xx_hal_cortex.o
 .text.HAL_NVIC_SetPriorityGrouping
                0x0000000008001850       0x16 Drivers/STM32F7xx_HAL_Driver/Src/stm32f7xx_hal_cortex.o
                0x0000000008001850                HAL_NVIC_SetPriorityGrouping
 .text.HAL_NVIC_SetPriority
                0x0000000008001866       0x38 Drivers/STM32F7xx_HAL_Driver/Src/stm32f7xx_hal_cortex.o
                0x0000000008001866                HAL_NVIC_SetPriority
 .text.HAL_NVIC_EnableIRQ
                0x000000000800189e       0x1c Drivers/STM32F7xx_HAL_Driver/Src/stm32f7xx_hal_cortex.o
                0x000000000800189e                HAL_NVIC_EnableIRQ
 .text.HAL_SYSTICK_Config
                0x00000000080018ba       0x18 Drivers/STM32F7xx_HAL_Driver/Src/stm32f7xx_hal_cortex.o
                0x00000000080018ba                HAL_SYSTICK_Config
 .text.HAL_DMA_Abort_IT
                0x00000000080018d2       0x44 Drivers/STM32F7xx_HAL_Driver/Src/stm32f7xx_hal_dma.o
                0x00000000080018d2                HAL_DMA_Abort_IT
 *fill*         0x0000000008001916        0x2 
 .text.HAL_FLASH_Program
                0x0000000008001918       0xb8 Drivers/STM32F7xx_HAL_Driver/Src/stm32f7xx_hal_flash.o
                0x0000000008001918                HAL_FLASH_Program
 .text.HAL_FLASH_Unlock
                0x00000000080019d0       0x44 Drivers/STM32F7xx_HAL_Driver/Src/stm32f7xx_hal_flash.o
                0x00000000080019d0                HAL_FLASH_Unlock
 .text.FLASH_WaitForLastOperation
                0x0000000008001a14       0x80 Drivers/STM32F7xx_HAL_Driver/Src/stm32f7xx_hal_flash.o
                0x0000000008001a14                FLASH_WaitForLastOperation
 .text.FLASH_Program_DoubleWord
                0x0000000008001a94       0x60 Drivers/STM32F7xx_HAL_Driver/Src/stm32f7xx_hal_flash.o
 .text.FLASH_Program_Word
                0x0000000008001af4       0x48 Drivers/STM32F7xx_HAL_Driver/Src/stm32f7xx_hal_flash.o
 .text.FLASH_Program_HalfWord
                0x0000000008001b3c       0x4c Drivers/STM32F7xx_HAL_Driver/Src/stm32f7xx_hal_flash.o
 .text.FLASH_Program_Byte
                0x0000000008001b88       0x48 Drivers/STM32F7xx_HAL_Driver/Src/stm32f7xx_hal_flash.o
 .text.FLASH_SetErrorCode
                0x0000000008001bd0       0x94 Drivers/STM32F7xx_HAL_Driver/Src/stm32f7xx_hal_flash.o
 .text.HAL_FLASHEx_Erase
                0x0000000008001c64       0xe0 Drivers/STM32F7xx_HAL_Driver/Src/stm32f7xx_hal_flash_ex.o
                0x0000000008001c64                HAL_FLASHEx_Erase
 .text.FLASH_MassErase
                0x0000000008001d44       0x74 Drivers/STM32F7xx_HAL_Driver/Src/stm32f7xx_hal_flash_ex.o
 .text.FLASH_Erase_Sector
                0x0000000008001db8       0xa0 Drivers/STM32F7xx_HAL_Driver/Src/stm32f7xx_hal_flash_ex.o
                0x0000000008001db8                FLASH_Erase_Sector
 .text.HAL_GPIO_Init
                0x0000000008001e58      0x354 Drivers/STM32F7xx_HAL_Driver/Src/stm32f7xx_hal_gpio.o
                0x0000000008001e58                HAL_GPIO_Init
 .text.HAL_GPIO_WritePin
                0x00000000080021ac       0x32 Drivers/STM32F7xx_HAL_Driver/Src/stm32f7xx_hal_gpio.o
                0x00000000080021ac                HAL_GPIO_WritePin
 .text.HAL_GPIO_TogglePin
                0x00000000080021de       0x36 Drivers/STM32F7xx_HAL_Driver/Src/stm32f7xx_hal_gpio.o
                0x00000000080021de                HAL_GPIO_TogglePin
 .text.HAL_RCC_OscConfig
                0x0000000008002214      0x4e4 Drivers/STM32F7xx_HAL_Driver/Src/stm32f7xx_hal_rcc.o
                0x0000000008002214                HAL_RCC_OscConfig
 .text.HAL_RCC_ClockConfig
                0x00000000080026f8      0x1d0 Drivers/STM32F7xx_HAL_Driver/Src/stm32f7xx_hal_rcc.o
                0x00000000080026f8                HAL_RCC_ClockConfig
 .text.HAL_RCC_GetSysClockFreq
                0x00000000080028c8      0x164 Drivers/STM32F7xx_HAL_Driver/Src/stm32f7xx_hal_rcc.o
                0x00000000080028c8                HAL_RCC_GetSysClockFreq
 .text.HAL_RCC_GetHCLKFreq
                0x0000000008002a2c       0x18 Drivers/STM32F7xx_HAL_Driver/Src/stm32f7xx_hal_rcc.o
                0x0000000008002a2c                HAL_RCC_GetHCLKFreq
 .text.HAL_RCC_GetPCLK1Freq
                0x0000000008002a44       0x28 Drivers/STM32F7xx_HAL_Driver/Src/stm32f7xx_hal_rcc.o
                0x0000000008002a44                HAL_RCC_GetPCLK1Freq
 .text.HAL_RCC_GetPCLK2Freq
                0x0000000008002a6c       0x28 Drivers/STM32F7xx_HAL_Driver/Src/stm32f7xx_hal_rcc.o
                0x0000000008002a6c                HAL_RCC_GetPCLK2Freq
 .text.HAL_RCCEx_PeriphCLKConfig
                0x0000000008002a94      0x84c Drivers/STM32F7xx_HAL_Driver/Src/stm32f7xx_hal_rcc_ex.o
                0x0000000008002a94                HAL_RCCEx_PeriphCLKConfig
 .text.HAL_UART_Init
                0x00000000080032e0       0x9c Drivers/STM32F7xx_HAL_Driver/Src/stm32f7xx_hal_uart.o
                0x00000000080032e0                HAL_UART_Init
 .text.HAL_UART_Transmit
                0x000000000800337c      0x122 Drivers/STM32F7xx_HAL_Driver/Src/stm32f7xx_hal_uart.o
                0x000000000800337c                HAL_UART_Transmit
 .text.HAL_UART_Receive
                0x000000000800349e      0x198 Drivers/STM32F7xx_HAL_Driver/Src/stm32f7xx_hal_uart.o
                0x000000000800349e                HAL_UART_Receive
 *fill*         0x0000000008003636        0x2 
 .text.HAL_UART_Receive_IT
                0x0000000008003638      0x144 Drivers/STM32F7xx_HAL_Driver/Src/stm32f7xx_hal_uart.o
                0x0000000008003638                HAL_UART_Receive_IT
 .text.HAL_UART_IRQHandler
                0x000000000800377c      0x238 Drivers/STM32F7xx_HAL_Driver/Src/stm32f7xx_hal_uart.o
                0x000000000800377c                HAL_UART_IRQHandler
 .text.HAL_UART_TxCpltCallback
                0x00000000080039b4       0x14 Drivers/STM32F7xx_HAL_Driver/Src/stm32f7xx_hal_uart.o
                0x00000000080039b4                HAL_UART_TxCpltCallback
 .text.HAL_UART_ErrorCallback
                0x00000000080039c8       0x14 Drivers/STM32F7xx_HAL_Driver/Src/stm32f7xx_hal_uart.o
                0x00000000080039c8                HAL_UART_ErrorCallback
 .text.UART_SetConfig
                0x00000000080039dc      0x548 Drivers/STM32F7xx_HAL_Driver/Src/stm32f7xx_hal_uart.o
                0x00000000080039dc                UART_SetConfig
 .text.UART_AdvFeatureConfig
                0x0000000008003f24      0x144 Drivers/STM32F7xx_HAL_Driver/Src/stm32f7xx_hal_uart.o
                0x0000000008003f24                UART_AdvFeatureConfig
 .text.UART_CheckIdleState
                0x0000000008004068       0x5e Drivers/STM32F7xx_HAL_Driver/Src/stm32f7xx_hal_uart.o
                0x0000000008004068                UART_CheckIdleState
 .text.UART_WaitOnFlagUntilTimeout
                0x00000000080040c6       0x90 Drivers/STM32F7xx_HAL_Driver/Src/stm32f7xx_hal_uart.o
                0x00000000080040c6                UART_WaitOnFlagUntilTimeout
 .text.UART_EndRxTransfer
                0x0000000008004156       0x40 Drivers/STM32F7xx_HAL_Driver/Src/stm32f7xx_hal_uart.o
 .text.UART_DMAAbortOnError
                0x0000000008004196       0x2c Drivers/STM32F7xx_HAL_Driver/Src/stm32f7xx_hal_uart.o
 .text.UART_EndTransmit_IT
                0x00000000080041c2       0x32 Drivers/STM32F7xx_HAL_Driver/Src/stm32f7xx_hal_uart.o
 .text.UART_RxISR_8BIT
                0x00000000080041f4       0xa6 Drivers/STM32F7xx_HAL_Driver/Src/stm32f7xx_hal_uart.o
 .text.UART_RxISR_16BIT
                0x000000000800429a       0xa6 Drivers/STM32F7xx_HAL_Driver/Src/stm32f7xx_hal_uart.o
 .text.__errno  0x0000000008004340        0xc c:/st/stm32cubeide_1.3.0/stm32cubeide/plugins/com.st.stm32cube.ide.mcu.externaltools.gnu-tools-for-stm32.7-2018-q2-update.win32_1.4.0.202007081208/tools/bin/../lib/gcc/arm-none-eabi/7.3.1/../../../../arm-none-eabi/lib/thumb/v7e-m/fpv5/hard\libc_nano.a(lib_a-errno.o)
                0x0000000008004340                __errno
 .text.__libc_init_array
                0x000000000800434c       0x48 c:/st/stm32cubeide_1.3.0/stm32cubeide/plugins/com.st.stm32cube.ide.mcu.externaltools.gnu-tools-for-stm32.7-2018-q2-update.win32_1.4.0.202007081208/tools/bin/../lib/gcc/arm-none-eabi/7.3.1/../../../../arm-none-eabi/lib/thumb/v7e-m/fpv5/hard\libc_nano.a(lib_a-init.o)
                0x000000000800434c                __libc_init_array
 .text.memset   0x0000000008004394       0x10 c:/st/stm32cubeide_1.3.0/stm32cubeide/plugins/com.st.stm32cube.ide.mcu.externaltools.gnu-tools-for-stm32.7-2018-q2-update.win32_1.4.0.202007081208/tools/bin/../lib/gcc/arm-none-eabi/7.3.1/../../../../arm-none-eabi/lib/thumb/v7e-m/fpv5/hard\libc_nano.a(lib_a-memset.o)
                0x0000000008004394                memset
 .text.__cvt    0x00000000080043a4       0xa4 c:/st/stm32cubeide_1.3.0/stm32cubeide/plugins/com.st.stm32cube.ide.mcu.externaltools.gnu-tools-for-stm32.7-2018-q2-update.win32_1.4.0.202007081208/tools/bin/../lib/gcc/arm-none-eabi/7.3.1/../../../../arm-none-eabi/lib/thumb/v7e-m/fpv5/hard\libc_nano.a(lib_a-nano-vfprintf_float.o)
                0x00000000080043a4                __cvt
 .text.__exponent
                0x0000000008004448       0x66 c:/st/stm32cubeide_1.3.0/stm32cubeide/plugins/com.st.stm32cube.ide.mcu.externaltools.gnu-tools-for-stm32.7-2018-q2-update.win32_1.4.0.202007081208/tools/bin/../lib/gcc/arm-none-eabi/7.3.1/../../../../arm-none-eabi/lib/thumb/v7e-m/fpv5/hard\libc_nano.a(lib_a-nano-vfprintf_float.o)
                0x0000000008004448                __exponent
 *fill*         0x00000000080044ae        0x2 
 .text._printf_float
                0x00000000080044b0      0x458 c:/st/stm32cubeide_1.3.0/stm32cubeide/plugins/com.st.stm32cube.ide.mcu.externaltools.gnu-tools-for-stm32.7-2018-q2-update.win32_1.4.0.202007081208/tools/bin/../lib/gcc/arm-none-eabi/7.3.1/../../../../arm-none-eabi/lib/thumb/v7e-m/fpv5/hard\libc_nano.a(lib_a-nano-vfprintf_float.o)
                0x00000000080044b0                _printf_float
 .text._printf_common
                0x0000000008004908       0xea c:/st/stm32cubeide_1.3.0/stm32cubeide/plugins/com.st.stm32cube.ide.mcu.externaltools.gnu-tools-for-stm32.7-2018-q2-update.win32_1.4.0.202007081208/tools/bin/../lib/gcc/arm-none-eabi/7.3.1/../../../../arm-none-eabi/lib/thumb/v7e-m/fpv5/hard\libc_nano.a(lib_a-nano-vfprintf_i.o)
                0x0000000008004908                _printf_common
 .text.strncmp  0x00000000080049f2       0x24 c:/st/stm32cubeide_1.3.0/stm32cubeide/plugins/com.st.stm32cube.ide.mcu.externaltools.gnu-tools-for-stm32.7-2018-q2-update.win32_1.4.0.202007081208/tools/bin/../lib/gcc/arm-none-eabi/7.3.1/../../../../arm-none-eabi/lib/thumb/v7e-m/fpv5/hard\libc_nano.a(lib_a-strncmp.o)
                0x00000000080049f2                strncmp
 .text.strstr   0x0000000008004a16       0x34 c:/st/stm32cubeide_1.3.0/stm32cubeide/plugins/com.st.stm32cube.ide.mcu.externaltools.gnu-tools-for-stm32.7-2018-q2-update.win32_1.4.0.202007081208/tools/bin/../lib/gcc/arm-none-eabi/7.3.1/../../../../arm-none-eabi/lib/thumb/v7e-m/fpv5/hard\libc_nano.a(lib_a-strstr.o)
                0x0000000008004a16                strstr
 .text.quorem   0x0000000008004a4a      0x118 c:/st/stm32cubeide_1.3.0/stm32cubeide/plugins/com.st.stm32cube.ide.mcu.externaltools.gnu-tools-for-stm32.7-2018-q2-update.win32_1.4.0.202007081208/tools/bin/../lib/gcc/arm-none-eabi/7.3.1/../../../../arm-none-eabi/lib/thumb/v7e-m/fpv5/hard\libc_nano.a(lib_a-dtoa.o)
 *fill*         0x0000000008004b62        0x6 
 .text._dtoa_r  0x0000000008004b68      0xa98 c:/st/stm32cubeide_1.3.0/stm32cubeide/plugins/com.st.stm32cube.ide.mcu.externaltools.gnu-tools-for-stm32.7-2018-q2-update.win32_1.4.0.202007081208/tools/bin/../lib/gcc/arm-none-eabi/7.3.1/../../../../arm-none-eabi/lib/thumb/v7e-m/fpv5/hard\libc_nano.a(lib_a-dtoa.o)
                0x0000000008004b68                _dtoa_r
 .text._localeconv_r
                0x0000000008005600       0x1c c:/st/stm32cubeide_1.3.0/stm32cubeide/plugins/com.st.stm32cube.ide.mcu.externaltools.gnu-tools-for-stm32.7-2018-q2-update.win32_1.4.0.202007081208/tools/bin/../lib/gcc/arm-none-eabi/7.3.1/../../../../arm-none-eabi/lib/thumb/v7e-m/fpv5/hard\libc_nano.a(lib_a-localeconv.o)
                0x0000000008005600                _localeconv_r
 .text.malloc   0x000000000800561c       0x10 c:/st/stm32cubeide_1.3.0/stm32cubeide/plugins/com.st.stm32cube.ide.mcu.externaltools.gnu-tools-for-stm32.7-2018-q2-update.win32_1.4.0.202007081208/tools/bin/../lib/gcc/arm-none-eabi/7.3.1/../../../../arm-none-eabi/lib/thumb/v7e-m/fpv5/hard\libc_nano.a(lib_a-malloc.o)
                0x000000000800561c                malloc
 .text.memcpy   0x000000000800562c       0x16 c:/st/stm32cubeide_1.3.0/stm32cubeide/plugins/com.st.stm32cube.ide.mcu.externaltools.gnu-tools-for-stm32.7-2018-q2-update.win32_1.4.0.202007081208/tools/bin/../lib/gcc/arm-none-eabi/7.3.1/../../../../arm-none-eabi/lib/thumb/v7e-m/fpv5/hard\libc_nano.a(lib_a-memcpy-stub.o)
                0x000000000800562c                memcpy
 .text._Balloc  0x0000000008005642       0x68 c:/st/stm32cubeide_1.3.0/stm32cubeide/plugins/com.st.stm32cube.ide.mcu.externaltools.gnu-tools-for-stm32.7-2018-q2-update.win32_1.4.0.202007081208/tools/bin/../lib/gcc/arm-none-eabi/7.3.1/../../../../arm-none-eabi/lib/thumb/v7e-m/fpv5/hard\libc_nano.a(lib_a-mprec.o)
                0x0000000008005642                _Balloc
 .text._Bfree   0x00000000080056aa       0x2e c:/st/stm32cubeide_1.3.0/stm32cubeide/plugins/com.st.stm32cube.ide.mcu.externaltools.gnu-tools-for-stm32.7-2018-q2-update.win32_1.4.0.202007081208/tools/bin/../lib/gcc/arm-none-eabi/7.3.1/../../../../arm-none-eabi/lib/thumb/v7e-m/fpv5/hard\libc_nano.a(lib_a-mprec.o)
                0x00000000080056aa                _Bfree
 .text.__multadd
                0x00000000080056d8       0x76 c:/st/stm32cubeide_1.3.0/stm32cubeide/plugins/com.st.stm32cube.ide.mcu.externaltools.gnu-tools-for-stm32.7-2018-q2-update.win32_1.4.0.202007081208/tools/bin/../lib/gcc/arm-none-eabi/7.3.1/../../../../arm-none-eabi/lib/thumb/v7e-m/fpv5/hard\libc_nano.a(lib_a-mprec.o)
                0x00000000080056d8                __multadd
 .text.__hi0bits
                0x000000000800574e       0x3e c:/st/stm32cubeide_1.3.0/stm32cubeide/plugins/com.st.stm32cube.ide.mcu.externaltools.gnu-tools-for-stm32.7-2018-q2-update.win32_1.4.0.202007081208/tools/bin/../lib/gcc/arm-none-eabi/7.3.1/../../../../arm-none-eabi/lib/thumb/v7e-m/fpv5/hard\libc_nano.a(lib_a-mprec.o)
                0x000000000800574e                __hi0bits
 .text.__lo0bits
                0x000000000800578c       0x5e c:/st/stm32cubeide_1.3.0/stm32cubeide/plugins/com.st.stm32cube.ide.mcu.externaltools.gnu-tools-for-stm32.7-2018-q2-update.win32_1.4.0.202007081208/tools/bin/../lib/gcc/arm-none-eabi/7.3.1/../../../../arm-none-eabi/lib/thumb/v7e-m/fpv5/hard\libc_nano.a(lib_a-mprec.o)
                0x000000000800578c                __lo0bits
 .text.__i2b    0x00000000080057ea       0x12 c:/st/stm32cubeide_1.3.0/stm32cubeide/plugins/com.st.stm32cube.ide.mcu.externaltools.gnu-tools-for-stm32.7-2018-q2-update.win32_1.4.0.202007081208/tools/bin/../lib/gcc/arm-none-eabi/7.3.1/../../../../arm-none-eabi/lib/thumb/v7e-m/fpv5/hard\libc_nano.a(lib_a-mprec.o)
                0x00000000080057ea                __i2b
 .text.__multiply
                0x00000000080057fc      0x12c c:/st/stm32cubeide_1.3.0/stm32cubeide/plugins/com.st.stm32cube.ide.mcu.externaltools.gnu-tools-for-stm32.7-2018-q2-update.win32_1.4.0.202007081208/tools/bin/../lib/gcc/arm-none-eabi/7.3.1/../../../../arm-none-eabi/lib/thumb/v7e-m/fpv5/hard\libc_nano.a(lib_a-mprec.o)
                0x00000000080057fc                __multiply
 .text.__pow5mult
                0x0000000008005928       0x9c c:/st/stm32cubeide_1.3.0/stm32cubeide/plugins/com.st.stm32cube.ide.mcu.externaltools.gnu-tools-for-stm32.7-2018-q2-update.win32_1.4.0.202007081208/tools/bin/../lib/gcc/arm-none-eabi/7.3.1/../../../../arm-none-eabi/lib/thumb/v7e-m/fpv5/hard\libc_nano.a(lib_a-mprec.o)
                0x0000000008005928                __pow5mult
 .text.__lshift
                0x00000000080059c4       0xa8 c:/st/stm32cubeide_1.3.0/stm32cubeide/plugins/com.st.stm32cube.ide.mcu.externaltools.gnu-tools-for-stm32.7-2018-q2-update.win32_1.4.0.202007081208/tools/bin/../lib/gcc/arm-none-eabi/7.3.1/../../../../arm-none-eabi/lib/thumb/v7e-m/fpv5/hard\libc_nano.a(lib_a-mprec.o)
                0x00000000080059c4                __lshift
 .text.__mcmp   0x0000000008005a6c       0x34 c:/st/stm32cubeide_1.3.0/stm32cubeide/plugins/com.st.stm32cube.ide.mcu.externaltools.gnu-tools-for-stm32.7-2018-q2-update.win32_1.4.0.202007081208/tools/bin/../lib/gcc/arm-none-eabi/7.3.1/../../../../arm-none-eabi/lib/thumb/v7e-m/fpv5/hard\libc_nano.a(lib_a-mprec.o)
                0x0000000008005a6c                __mcmp
 .text.__mdiff  0x0000000008005aa0       0xba c:/st/stm32cubeide_1.3.0/stm32cubeide/plugins/com.st.stm32cube.ide.mcu.externaltools.gnu-tools-for-stm32.7-2018-q2-update.win32_1.4.0.202007081208/tools/bin/../lib/gcc/arm-none-eabi/7.3.1/../../../../arm-none-eabi/lib/thumb/v7e-m/fpv5/hard\libc_nano.a(lib_a-mprec.o)
                0x0000000008005aa0                __mdiff
 .text.__d2b    0x0000000008005b5a       0x9e c:/st/stm32cubeide_1.3.0/stm32cubeide/plugins/com.st.stm32cube.ide.mcu.externaltools.gnu-tools-for-stm32.7-2018-q2-update.win32_1.4.0.202007081208/tools/bin/../lib/gcc/arm-none-eabi/7.3.1/../../../../arm-none-eabi/lib/thumb/v7e-m/fpv5/hard\libc_nano.a(lib_a-mprec.o)
                0x0000000008005b5a                __d2b
 .text._calloc_r
                0x0000000008005bf8       0x1c c:/st/stm32cubeide_1.3.0/stm32cubeide/plugins/com.st.stm32cube.ide.mcu.externaltools.gnu-tools-for-stm32.7-2018-q2-update.win32_1.4.0.202007081208/tools/bin/../lib/gcc/arm-none-eabi/7.3.1/../../../../arm-none-eabi/lib/thumb/v7e-m/fpv5/hard\libc_nano.a(lib_a-nano-callocr.o)
                0x0000000008005bf8                _calloc_r
 .text._malloc_r
                0x0000000008005c14       0xb4 c:/st/stm32cubeide_1.3.0/stm32cubeide/plugins/com.st.stm32cube.ide.mcu.externaltools.gnu-tools-for-stm32.7-2018-q2-update.win32_1.4.0.202007081208/tools/bin/../lib/gcc/arm-none-eabi/7.3.1/../../../../arm-none-eabi/lib/thumb/v7e-m/fpv5/hard\libc_nano.a(lib_a-nano-mallocr.o)
                0x0000000008005c14                _malloc_r
 .text._sbrk_r  0x0000000008005cc8       0x20 c:/st/stm32cubeide_1.3.0/stm32cubeide/plugins/com.st.stm32cube.ide.mcu.externaltools.gnu-tools-for-stm32.7-2018-q2-update.win32_1.4.0.202007081208/tools/bin/../lib/gcc/arm-none-eabi/7.3.1/../../../../arm-none-eabi/lib/thumb/v7e-m/fpv5/hard\libc_nano.a(lib_a-sbrkr.o)
                0x0000000008005cc8                _sbrk_r
 .text.__ascii_mbtowc
                0x0000000008005ce8       0x24 c:/st/stm32cubeide_1.3.0/stm32cubeide/plugins/com.st.stm32cube.ide.mcu.externaltools.gnu-tools-for-stm32.7-2018-q2-update.win32_1.4.0.202007081208/tools/bin/../lib/gcc/arm-none-eabi/7.3.1/../../../../arm-none-eabi/lib/thumb/v7e-m/fpv5/hard\libc_nano.a(lib_a-mbtowc_r.o)
                0x0000000008005ce8                __ascii_mbtowc
 .text.__malloc_lock
                0x0000000008005d0c        0x2 c:/st/stm32cubeide_1.3.0/stm32cubeide/plugins/com.st.stm32cube.ide.mcu.externaltools.gnu-tools-for-stm32.7-2018-q2-update.win32_1.4.0.202007081208/tools/bin/../lib/gcc/arm-none-eabi/7.3.1/../../../../arm-none-eabi/lib/thumb/v7e-m/fpv5/hard\libc_nano.a(lib_a-mlock.o)
                0x0000000008005d0c                __malloc_lock
 .text.__malloc_unlock
                0x0000000008005d0e        0x2 c:/st/stm32cubeide_1.3.0/stm32cubeide/plugins/com.st.stm32cube.ide.mcu.externaltools.gnu-tools-for-stm32.7-2018-q2-update.win32_1.4.0.202007081208/tools/bin/../lib/gcc/arm-none-eabi/7.3.1/../../../../arm-none-eabi/lib/thumb/v7e-m/fpv5/hard\libc_nano.a(lib_a-mlock.o)
                0x0000000008005d0e                __malloc_unlock
 .text.__ascii_wctomb
                0x0000000008005d10       0x1a c:/st/stm32cubeide_1.3.0/stm32cubeide/plugins/com.st.stm32cube.ide.mcu.externaltools.gnu-tools-for-stm32.7-2018-q2-update.win32_1.4.0.202007081208/tools/bin/../lib/gcc/arm-none-eabi/7.3.1/../../../../arm-none-eabi/lib/thumb/v7e-m/fpv5/hard\libc_nano.a(lib_a-wctomb_r.o)
                0x0000000008005d10                __ascii_wctomb
 *(.glue_7)
 .glue_7        0x0000000008005d2a        0x0 linker stubs
 *(.glue_7t)
 .glue_7t       0x0000000008005d2a        0x0 linker stubs
 *(.eh_frame)
 *fill*         0x0000000008005d2a        0x2 
 .eh_frame      0x0000000008005d2c        0x0 c:/st/stm32cubeide_1.3.0/stm32cubeide/plugins/com.st.stm32cube.ide.mcu.externaltools.gnu-tools-for-stm32.7-2018-q2-update.win32_1.4.0.202007081208/tools/bin/../lib/gcc/arm-none-eabi/7.3.1/thumb/v7e-m/fpv5/hard/crtbegin.o
 *(.init)
 .init          0x0000000008005d2c        0x4 c:/st/stm32cubeide_1.3.0/stm32cubeide/plugins/com.st.stm32cube.ide.mcu.externaltools.gnu-tools-for-stm32.7-2018-q2-update.win32_1.4.0.202007081208/tools/bin/../lib/gcc/arm-none-eabi/7.3.1/thumb/v7e-m/fpv5/hard/crti.o
                0x0000000008005d2c                _init
 .init          0x0000000008005d30        0x8 c:/st/stm32cubeide_1.3.0/stm32cubeide/plugins/com.st.stm32cube.ide.mcu.externaltools.gnu-tools-for-stm32.7-2018-q2-update.win32_1.4.0.202007081208/tools/bin/../lib/gcc/arm-none-eabi/7.3.1/thumb/v7e-m/fpv5/hard/crtn.o
 *(.fini)
 .fini          0x0000000008005d38        0x4 c:/st/stm32cubeide_1.3.0/stm32cubeide/plugins/com.st.stm32cube.ide.mcu.externaltools.gnu-tools-for-stm32.7-2018-q2-update.win32_1.4.0.202007081208/tools/bin/../lib/gcc/arm-none-eabi/7.3.1/thumb/v7e-m/fpv5/hard/crti.o
                0x0000000008005d38                _fini
 .fini          0x0000000008005d3c        0x8 c:/st/stm32cubeide_1.3.0/stm32cubeide/plugins/com.st.stm32cube.ide.mcu.externaltools.gnu-tools-for-stm32.7-2018-q2-update.win32_1.4.0.202007081208/tools/bin/../lib/gcc/arm-none-eabi/7.3.1/thumb/v7e-m/fpv5/hard/crtn.o
                0x0000000008005d44                . = ALIGN (0x4)
                0x0000000008005d44                _etext = .

.vfp11_veneer   0x0000000008005d44        0x0
 .vfp11_veneer  0x0000000008005d44        0x0 linker stubs

.v4_bx          0x0000000008005d44        0x0
 .v4_bx         0x0000000008005d44        0x0 linker stubs

.iplt           0x0000000008005d44        0x0
 .iplt          0x0000000008005d44        0x0 c:/st/stm32cubeide_1.3.0/stm32cubeide/plugins/com.st.stm32cube.ide.mcu.externaltools.gnu-tools-for-stm32.7-2018-q2-update.win32_1.4.0.202007081208/tools/bin/../lib/gcc/arm-none-eabi/7.3.1/thumb/v7e-m/fpv5/hard/crtbegin.o

.rodata         0x0000000008005d48      0x458
                0x0000000008005d48                . = ALIGN (0x4)
 *(.rodata)
 .rodata        0x0000000008005d48       0x1e Core/Src/main.o
 *fill*         0x0000000008005d66        0x2 
 .rodata        0x0000000008005d68      0x1f4 Core/Src/menu.o
 *(.rodata*)
 .rodata.AHBPrescTable
                0x0000000008005f5c       0x10 Core/Src/system_stm32f7xx.o
                0x0000000008005f5c                AHBPrescTable
 .rodata.APBPrescTable
                0x0000000008005f6c        0x8 Core/Src/system_stm32f7xx.o
                0x0000000008005f6c                APBPrescTable
 .rodata._printf_float.str1.1
                0x0000000008005f74       0x12 c:/st/stm32cubeide_1.3.0/stm32cubeide/plugins/com.st.stm32cube.ide.mcu.externaltools.gnu-tools-for-stm32.7-2018-q2-update.win32_1.4.0.202007081208/tools/bin/../lib/gcc/arm-none-eabi/7.3.1/../../../../arm-none-eabi/lib/thumb/v7e-m/fpv5/hard\libc_nano.a(lib_a-nano-vfprintf_float.o)
 .rodata._dtoa_r.str1.1
                0x0000000008005f86        0xd c:/st/stm32cubeide_1.3.0/stm32cubeide/plugins/com.st.stm32cube.ide.mcu.externaltools.gnu-tools-for-stm32.7-2018-q2-update.win32_1.4.0.202007081208/tools/bin/../lib/gcc/arm-none-eabi/7.3.1/../../../../arm-none-eabi/lib/thumb/v7e-m/fpv5/hard\libc_nano.a(lib_a-dtoa.o)
                                          0xf (size before relaxing)
 *fill*         0x0000000008005f93        0x5 
 .rodata.__mprec_bigtens
                0x0000000008005f98       0x28 c:/st/stm32cubeide_1.3.0/stm32cubeide/plugins/com.st.stm32cube.ide.mcu.externaltools.gnu-tools-for-stm32.7-2018-q2-update.win32_1.4.0.202007081208/tools/bin/../lib/gcc/arm-none-eabi/7.3.1/../../../../arm-none-eabi/lib/thumb/v7e-m/fpv5/hard\libc_nano.a(lib_a-mprec.o)
                0x0000000008005f98                __mprec_bigtens
 .rodata.__mprec_tens
                0x0000000008005fc0       0xc8 c:/st/stm32cubeide_1.3.0/stm32cubeide/plugins/com.st.stm32cube.ide.mcu.externaltools.gnu-tools-for-stm32.7-2018-q2-update.win32_1.4.0.202007081208/tools/bin/../lib/gcc/arm-none-eabi/7.3.1/../../../../arm-none-eabi/lib/thumb/v7e-m/fpv5/hard\libc_nano.a(lib_a-mprec.o)
                0x0000000008005fc0                __mprec_tens
 .rodata.p05.7359
                0x0000000008006088        0xc c:/st/stm32cubeide_1.3.0/stm32cubeide/plugins/com.st.stm32cube.ide.mcu.externaltools.gnu-tools-for-stm32.7-2018-q2-update.win32_1.4.0.202007081208/tools/bin/../lib/gcc/arm-none-eabi/7.3.1/../../../../arm-none-eabi/lib/thumb/v7e-m/fpv5/hard\libc_nano.a(lib_a-mprec.o)
 .rodata._setlocale_r.str1.1
                0x0000000008006094        0x8 c:/st/stm32cubeide_1.3.0/stm32cubeide/plugins/com.st.stm32cube.ide.mcu.externaltools.gnu-tools-for-stm32.7-2018-q2-update.win32_1.4.0.202007081208/tools/bin/../lib/gcc/arm-none-eabi/7.3.1/../../../../arm-none-eabi/lib/thumb/v7e-m/fpv5/hard\libc_nano.a(lib_a-locale.o)
                                          0x9 (size before relaxing)
 .rodata.str1.1
                0x000000000800609c        0x2 c:/st/stm32cubeide_1.3.0/stm32cubeide/plugins/com.st.stm32cube.ide.mcu.externaltools.gnu-tools-for-stm32.7-2018-q2-update.win32_1.4.0.202007081208/tools/bin/../lib/gcc/arm-none-eabi/7.3.1/../../../../arm-none-eabi/lib/thumb/v7e-m/fpv5/hard\libc_nano.a(lib_a-locale.o)
 .rodata._ctype_
                0x000000000800609e      0x101 c:/st/stm32cubeide_1.3.0/stm32cubeide/plugins/com.st.stm32cube.ide.mcu.externaltools.gnu-tools-for-stm32.7-2018-q2-update.win32_1.4.0.202007081208/tools/bin/../lib/gcc/arm-none-eabi/7.3.1/../../../../arm-none-eabi/lib/thumb/v7e-m/fpv5/hard\libc_nano.a(lib_a-ctype_.o)
                0x000000000800609e                _ctype_
                0x00000000080061a0                . = ALIGN (0x4)
 *fill*         0x000000000800619f        0x1 

.ARM.extab      0x00000000080061a0        0x0
                0x00000000080061a0                . = ALIGN (0x4)
 *(.ARM.extab* .gnu.linkonce.armextab.*)
                0x00000000080061a0                . = ALIGN (0x4)

.ARM            0x00000000080061a0        0x8
                0x00000000080061a0                . = ALIGN (0x4)
                0x00000000080061a0                __exidx_start = .
 *(.ARM.exidx*)
 .ARM.exidx     0x00000000080061a0        0x8 c:/st/stm32cubeide_1.3.0/stm32cubeide/plugins/com.st.stm32cube.ide.mcu.externaltools.gnu-tools-for-stm32.7-2018-q2-update.win32_1.4.0.202007081208/tools/bin/../lib/gcc/arm-none-eabi/7.3.1/thumb/v7e-m/fpv5/hard\libgcc.a(_udivmoddi4.o)
                0x00000000080061a8                __exidx_end = .
                0x00000000080061a8                . = ALIGN (0x4)

.rel.dyn        0x00000000080061a8        0x0
 .rel.iplt      0x00000000080061a8        0x0 c:/st/stm32cubeide_1.3.0/stm32cubeide/plugins/com.st.stm32cube.ide.mcu.externaltools.gnu-tools-for-stm32.7-2018-q2-update.win32_1.4.0.202007081208/tools/bin/../lib/gcc/arm-none-eabi/7.3.1/thumb/v7e-m/fpv5/hard/crtbegin.o

.preinit_array  0x00000000080061a8        0x0
                0x00000000080061a8                . = ALIGN (0x4)
                0x00000000080061a8                PROVIDE (__preinit_array_start = .)
 *(.preinit_array*)
                0x00000000080061a8                PROVIDE (__preinit_array_end = .)
                0x00000000080061a8                . = ALIGN (0x4)

.init_array     0x00000000080061a8        0x4
                0x00000000080061a8                . = ALIGN (0x4)
                0x00000000080061a8                PROVIDE (__init_array_start = .)
 *(SORT_BY_NAME(.init_array.*))
 *(.init_array*)
 .init_array    0x00000000080061a8        0x4 c:/st/stm32cubeide_1.3.0/stm32cubeide/plugins/com.st.stm32cube.ide.mcu.externaltools.gnu-tools-for-stm32.7-2018-q2-update.win32_1.4.0.202007081208/tools/bin/../lib/gcc/arm-none-eabi/7.3.1/thumb/v7e-m/fpv5/hard/crtbegin.o
                0x00000000080061ac                PROVIDE (__init_array_end = .)
                0x00000000080061ac                . = ALIGN (0x4)

.fini_array     0x00000000080061ac        0x4
                0x00000000080061ac                . = ALIGN (0x4)
                [!provide]                        PROVIDE (__fini_array_start = .)
 *(SORT_BY_NAME(.fini_array.*))
 *(.fini_array*)
 .fini_array    0x00000000080061ac        0x4 c:/st/stm32cubeide_1.3.0/stm32cubeide/plugins/com.st.stm32cube.ide.mcu.externaltools.gnu-tools-for-stm32.7-2018-q2-update.win32_1.4.0.202007081208/tools/bin/../lib/gcc/arm-none-eabi/7.3.1/thumb/v7e-m/fpv5/hard/crtbegin.o
                [!provide]                        PROVIDE (__fini_array_end = .)
                0x00000000080061b0                . = ALIGN (0x4)
                0x00000000080061b0                _sidata = LOADADDR (.data)

.data           0x0000000020000000      0x1e0 load address 0x00000000080061b0
                0x0000000020000000                . = ALIGN (0x4)
                0x0000000020000000                _sdata = .
 *(.data)
 *(.data*)
 .data.flag     0x0000000020000000        0x1 Core/Src/menu.o
                0x0000000020000000                flag
 *fill*         0x0000000020000001        0x3 
 .data.SystemCoreClock
                0x0000000020000004        0x4 Core/Src/system_stm32f7xx.o
                0x0000000020000004                SystemCoreClock
 .data.uwTickPrio
                0x0000000020000008        0x4 Drivers/STM32F7xx_HAL_Driver/Src/stm32f7xx_hal.o
                0x0000000020000008                uwTickPrio
 .data.uwTickFreq
                0x000000002000000c        0x1 Drivers/STM32F7xx_HAL_Driver/Src/stm32f7xx_hal.o
                0x000000002000000c                uwTickFreq
 *fill*         0x000000002000000d        0x3 
 .data._impure_ptr
                0x0000000020000010        0x4 c:/st/stm32cubeide_1.3.0/stm32cubeide/plugins/com.st.stm32cube.ide.mcu.externaltools.gnu-tools-for-stm32.7-2018-q2-update.win32_1.4.0.202007081208/tools/bin/../lib/gcc/arm-none-eabi/7.3.1/../../../../arm-none-eabi/lib/thumb/v7e-m/fpv5/hard\libc_nano.a(lib_a-impure.o)
                0x0000000020000010                _impure_ptr
 .data.impure_data
                0x0000000020000014       0x60 c:/st/stm32cubeide_1.3.0/stm32cubeide/plugins/com.st.stm32cube.ide.mcu.externaltools.gnu-tools-for-stm32.7-2018-q2-update.win32_1.4.0.202007081208/tools/bin/../lib/gcc/arm-none-eabi/7.3.1/../../../../arm-none-eabi/lib/thumb/v7e-m/fpv5/hard\libc_nano.a(lib_a-impure.o)
 .data.__global_locale
                0x0000000020000074      0x16c c:/st/stm32cubeide_1.3.0/stm32cubeide/plugins/com.st.stm32cube.ide.mcu.externaltools.gnu-tools-for-stm32.7-2018-q2-update.win32_1.4.0.202007081208/tools/bin/../lib/gcc/arm-none-eabi/7.3.1/../../../../arm-none-eabi/lib/thumb/v7e-m/fpv5/hard\libc_nano.a(lib_a-locale.o)
                0x0000000020000074                __global_locale
                0x00000000200001e0                . = ALIGN (0x4)
                0x00000000200001e0                _edata = .

.igot.plt       0x00000000200001e0        0x0 load address 0x0000000008006390
 .igot.plt      0x00000000200001e0        0x0 c:/st/stm32cubeide_1.3.0/stm32cubeide/plugins/com.st.stm32cube.ide.mcu.externaltools.gnu-tools-for-stm32.7-2018-q2-update.win32_1.4.0.202007081208/tools/bin/../lib/gcc/arm-none-eabi/7.3.1/thumb/v7e-m/fpv5/hard/crtbegin.o
                0x00000000200001e0                . = ALIGN (0x4)

.bss            0x00000000200001e0      0x544 load address 0x0000000008006390
                0x00000000200001e0                _sbss = .
                0x00000000200001e0                __bss_start__ = _sbss
 *(.bss)
 .bss           0x00000000200001e0       0x1c c:/st/stm32cubeide_1.3.0/stm32cubeide/plugins/com.st.stm32cube.ide.mcu.externaltools.gnu-tools-for-stm32.7-2018-q2-update.win32_1.4.0.202007081208/tools/bin/../lib/gcc/arm-none-eabi/7.3.1/thumb/v7e-m/fpv5/hard/crtbegin.o
 *(.bss*)
 .bss.heap_end.6424
                0x00000000200001fc        0x4 Core/Src/sysmem.o
 .bss.__malloc_free_list
                0x0000000020000200        0x4 c:/st/stm32cubeide_1.3.0/stm32cubeide/plugins/com.st.stm32cube.ide.mcu.externaltools.gnu-tools-for-stm32.7-2018-q2-update.win32_1.4.0.202007081208/tools/bin/../lib/gcc/arm-none-eabi/7.3.1/../../../../arm-none-eabi/lib/thumb/v7e-m/fpv5/hard\libc_nano.a(lib_a-nano-mallocr.o)
                0x0000000020000200                __malloc_free_list
 .bss.__malloc_sbrk_start
                0x0000000020000204        0x4 c:/st/stm32cubeide_1.3.0/stm32cubeide/plugins/com.st.stm32cube.ide.mcu.externaltools.gnu-tools-for-stm32.7-2018-q2-update.win32_1.4.0.202007081208/tools/bin/../lib/gcc/arm-none-eabi/7.3.1/../../../../arm-none-eabi/lib/thumb/v7e-m/fpv5/hard\libc_nano.a(lib_a-nano-mallocr.o)
                0x0000000020000204                __malloc_sbrk_start
 *(COMMON)
 COMMON         0x0000000020000208       0xa3 Core/Src/main.o
                0x0000000020000208                RxCount
                0x000000002000020c                iapbuffer
                0x0000000020000220                count
                0x0000000020000224                huart6
                0x00000000200002a4                aRxBuffer
 *fill*         0x00000000200002ab        0x1 
 COMMON         0x00000000200002ac       0x48 Core/Src/menu.o
                0x00000000200002ac                JumpAddress
                0x00000000200002b0                JumpToApplication
                0x00000000200002b4                aFileName
 COMMON         0x00000000200002f4      0x40c Core/Src/ymodem.o
                0x00000000200002f4                aPacketData
                0x00000000200006fc                flashdestination
 COMMON         0x0000000020000700        0x4 Drivers/STM32F7xx_HAL_Driver/Src/stm32f7xx_hal.o
                0x0000000020000700                uwTick
 COMMON         0x0000000020000704       0x1c Drivers/STM32F7xx_HAL_Driver/Src/stm32f7xx_hal_flash.o
                0x0000000020000704                pFlash
 COMMON         0x0000000020000720        0x4 c:/st/stm32cubeide_1.3.0/stm32cubeide/plugins/com.st.stm32cube.ide.mcu.externaltools.gnu-tools-for-stm32.7-2018-q2-update.win32_1.4.0.202007081208/tools/bin/../lib/gcc/arm-none-eabi/7.3.1/../../../../arm-none-eabi/lib/thumb/v7e-m/fpv5/hard\libc_nano.a(lib_a-reent.o)
                0x0000000020000720                errno
                0x0000000020000724                . = ALIGN (0x4)
                0x0000000020000724                _ebss = .
                0x0000000020000724                __bss_end__ = _ebss

._user_heap_stack
                0x0000000020000724      0x604 load address 0x0000000008006390
                0x0000000020000728                . = ALIGN (0x8)
 *fill*         0x0000000020000724        0x4 
                0x0000000020000728                PROVIDE (end = .)
                [!provide]                        PROVIDE (_end = .)
                0x0000000020000928                . = (. + _Min_Heap_Size)
 *fill*         0x0000000020000728      0x200 
                0x0000000020000d28                . = (. + _Min_Stack_Size)
 *fill*         0x0000000020000928      0x400 
                0x0000000020000d28                . = ALIGN (0x8)

/DISCARD/
 libc.a(*)
 libm.a(*)
 libgcc.a(*)

.ARM.attributes
                0x0000000000000000       0x2e
 *(.ARM.attributes)
 .ARM.attributes
                0x0000000000000000       0x20 c:/st/stm32cubeide_1.3.0/stm32cubeide/plugins/com.st.stm32cube.ide.mcu.externaltools.gnu-tools-for-stm32.7-2018-q2-update.win32_1.4.0.202007081208/tools/bin/../lib/gcc/arm-none-eabi/7.3.1/thumb/v7e-m/fpv5/hard/crti.o
 .ARM.attributes
                0x0000000000000020       0x32 c:/st/stm32cubeide_1.3.0/stm32cubeide/plugins/com.st.stm32cube.ide.mcu.externaltools.gnu-tools-for-stm32.7-2018-q2-update.win32_1.4.0.202007081208/tools/bin/../lib/gcc/arm-none-eabi/7.3.1/thumb/v7e-m/fpv5/hard/crtbegin.o
 .ARM.attributes
                0x0000000000000052       0x37 Core/Src/common.o
 .ARM.attributes
                0x0000000000000089       0x37 Core/Src/flash_if.o
 .ARM.attributes
                0x00000000000000c0       0x37 Core/Src/main.o
 .ARM.attributes
                0x00000000000000f7       0x37 Core/Src/menu.o
 .ARM.attributes
                0x000000000000012e       0x37 Core/Src/stm32f7xx_hal_msp.o
 .ARM.attributes
                0x0000000000000165       0x37 Core/Src/stm32f7xx_it.o
 .ARM.attributes
                0x000000000000019c       0x37 Core/Src/sysmem.o
 .ARM.attributes
                0x00000000000001d3       0x37 Core/Src/system_stm32f7xx.o
 .ARM.attributes
                0x000000000000020a       0x37 Core/Src/ymodem.o
 .ARM.attributes
                0x0000000000000241       0x21 Core/Startup/startup_stm32f767zitx.o
 .ARM.attributes
                0x0000000000000262       0x37 Drivers/STM32F7xx_HAL_Driver/Src/stm32f7xx_hal.o
 .ARM.attributes
                0x0000000000000299       0x37 Drivers/STM32F7xx_HAL_Driver/Src/stm32f7xx_hal_cortex.o
 .ARM.attributes
                0x00000000000002d0       0x37 Drivers/STM32F7xx_HAL_Driver/Src/stm32f7xx_hal_dma.o
 .ARM.attributes
                0x0000000000000307       0x37 Drivers/STM32F7xx_HAL_Driver/Src/stm32f7xx_hal_flash.o
 .ARM.attributes
                0x000000000000033e       0x37 Drivers/STM32F7xx_HAL_Driver/Src/stm32f7xx_hal_flash_ex.o
 .ARM.attributes
                0x0000000000000375       0x37 Drivers/STM32F7xx_HAL_Driver/Src/stm32f7xx_hal_gpio.o
 .ARM.attributes
                0x00000000000003ac       0x37 Drivers/STM32F7xx_HAL_Driver/Src/stm32f7xx_hal_rcc.o
 .ARM.attributes
                0x00000000000003e3       0x37 Drivers/STM32F7xx_HAL_Driver/Src/stm32f7xx_hal_rcc_ex.o
 .ARM.attributes
                0x000000000000041a       0x37 Drivers/STM32F7xx_HAL_Driver/Src/stm32f7xx_hal_uart.o
 .ARM.attributes
                0x0000000000000451       0x32 c:/st/stm32cubeide_1.3.0/stm32cubeide/plugins/com.st.stm32cube.ide.mcu.externaltools.gnu-tools-for-stm32.7-2018-q2-update.win32_1.4.0.202007081208/tools/bin/../lib/gcc/arm-none-eabi/7.3.1/../../../../arm-none-eabi/lib/thumb/v7e-m/fpv5/hard\libc_nano.a(lib_a-errno.o)
 .ARM.attributes
                0x0000000000000483       0x32 c:/st/stm32cubeide_1.3.0/stm32cubeide/plugins/com.st.stm32cube.ide.mcu.externaltools.gnu-tools-for-stm32.7-2018-q2-update.win32_1.4.0.202007081208/tools/bin/../lib/gcc/arm-none-eabi/7.3.1/../../../../arm-none-eabi/lib/thumb/v7e-m/fpv5/hard\libc_nano.a(lib_a-impure.o)
 .ARM.attributes
                0x00000000000004b5       0x32 c:/st/stm32cubeide_1.3.0/stm32cubeide/plugins/com.st.stm32cube.ide.mcu.externaltools.gnu-tools-for-stm32.7-2018-q2-update.win32_1.4.0.202007081208/tools/bin/../lib/gcc/arm-none-eabi/7.3.1/../../../../arm-none-eabi/lib/thumb/v7e-m/fpv5/hard\libc_nano.a(lib_a-init.o)
 .ARM.attributes
                0x00000000000004e7       0x32 c:/st/stm32cubeide_1.3.0/stm32cubeide/plugins/com.st.stm32cube.ide.mcu.externaltools.gnu-tools-for-stm32.7-2018-q2-update.win32_1.4.0.202007081208/tools/bin/../lib/gcc/arm-none-eabi/7.3.1/../../../../arm-none-eabi/lib/thumb/v7e-m/fpv5/hard\libc_nano.a(lib_a-memset.o)
 .ARM.attributes
                0x0000000000000519       0x32 c:/st/stm32cubeide_1.3.0/stm32cubeide/plugins/com.st.stm32cube.ide.mcu.externaltools.gnu-tools-for-stm32.7-2018-q2-update.win32_1.4.0.202007081208/tools/bin/../lib/gcc/arm-none-eabi/7.3.1/../../../../arm-none-eabi/lib/thumb/v7e-m/fpv5/hard\libc_nano.a(lib_a-nano-vfprintf_float.o)
 .ARM.attributes
                0x000000000000054b       0x32 c:/st/stm32cubeide_1.3.0/stm32cubeide/plugins/com.st.stm32cube.ide.mcu.externaltools.gnu-tools-for-stm32.7-2018-q2-update.win32_1.4.0.202007081208/tools/bin/../lib/gcc/arm-none-eabi/7.3.1/../../../../arm-none-eabi/lib/thumb/v7e-m/fpv5/hard\libc_nano.a(lib_a-nano-vfprintf_i.o)
 .ARM.attributes
                0x000000000000057d       0x19 c:/st/stm32cubeide_1.3.0/stm32cubeide/plugins/com.st.stm32cube.ide.mcu.externaltools.gnu-tools-for-stm32.7-2018-q2-update.win32_1.4.0.202007081208/tools/bin/../lib/gcc/arm-none-eabi/7.3.1/../../../../arm-none-eabi/lib/thumb/v7e-m/fpv5/hard\libc_nano.a(lib_a-strlen.o)
 .ARM.attributes
                0x0000000000000596       0x32 c:/st/stm32cubeide_1.3.0/stm32cubeide/plugins/com.st.stm32cube.ide.mcu.externaltools.gnu-tools-for-stm32.7-2018-q2-update.win32_1.4.0.202007081208/tools/bin/../lib/gcc/arm-none-eabi/7.3.1/../../../../arm-none-eabi/lib/thumb/v7e-m/fpv5/hard\libc_nano.a(lib_a-strncmp.o)
 .ARM.attributes
                0x00000000000005c8       0x32 c:/st/stm32cubeide_1.3.0/stm32cubeide/plugins/com.st.stm32cube.ide.mcu.externaltools.gnu-tools-for-stm32.7-2018-q2-update.win32_1.4.0.202007081208/tools/bin/../lib/gcc/arm-none-eabi/7.3.1/../../../../arm-none-eabi/lib/thumb/v7e-m/fpv5/hard\libc_nano.a(lib_a-strstr.o)
 .ARM.attributes
                0x00000000000005fa       0x32 c:/st/stm32cubeide_1.3.0/stm32cubeide/plugins/com.st.stm32cube.ide.mcu.externaltools.gnu-tools-for-stm32.7-2018-q2-update.win32_1.4.0.202007081208/tools/bin/../lib/gcc/arm-none-eabi/7.3.1/../../../../arm-none-eabi/lib/thumb/v7e-m/fpv5/hard\libc_nano.a(lib_a-dtoa.o)
 .ARM.attributes
                0x000000000000062c       0x32 c:/st/stm32cubeide_1.3.0/stm32cubeide/plugins/com.st.stm32cube.ide.mcu.externaltools.gnu-tools-for-stm32.7-2018-q2-update.win32_1.4.0.202007081208/tools/bin/../lib/gcc/arm-none-eabi/7.3.1/../../../../arm-none-eabi/lib/thumb/v7e-m/fpv5/hard\libc_nano.a(lib_a-localeconv.o)
 .ARM.attributes
                0x000000000000065e       0x32 c:/st/stm32cubeide_1.3.0/stm32cubeide/plugins/com.st.stm32cube.ide.mcu.externaltools.gnu-tools-for-stm32.7-2018-q2-update.win32_1.4.0.202007081208/tools/bin/../lib/gcc/arm-none-eabi/7.3.1/../../../../arm-none-eabi/lib/thumb/v7e-m/fpv5/hard\libc_nano.a(lib_a-malloc.o)
 .ARM.attributes
                0x0000000000000690       0x32 c:/st/stm32cubeide_1.3.0/stm32cubeide/plugins/com.st.stm32cube.ide.mcu.externaltools.gnu-tools-for-stm32.7-2018-q2-update.win32_1.4.0.202007081208/tools/bin/../lib/gcc/arm-none-eabi/7.3.1/../../../../arm-none-eabi/lib/thumb/v7e-m/fpv5/hard\libc_nano.a(lib_a-memcpy-stub.o)
 .ARM.attributes
                0x00000000000006c2       0x32 c:/st/stm32cubeide_1.3.0/stm32cubeide/plugins/com.st.stm32cube.ide.mcu.externaltools.gnu-tools-for-stm32.7-2018-q2-update.win32_1.4.0.202007081208/tools/bin/../lib/gcc/arm-none-eabi/7.3.1/../../../../arm-none-eabi/lib/thumb/v7e-m/fpv5/hard\libc_nano.a(lib_a-mprec.o)
 .ARM.attributes
                0x00000000000006f4       0x32 c:/st/stm32cubeide_1.3.0/stm32cubeide/plugins/com.st.stm32cube.ide.mcu.externaltools.gnu-tools-for-stm32.7-2018-q2-update.win32_1.4.0.202007081208/tools/bin/../lib/gcc/arm-none-eabi/7.3.1/../../../../arm-none-eabi/lib/thumb/v7e-m/fpv5/hard\libc_nano.a(lib_a-nano-callocr.o)
 .ARM.attributes
                0x0000000000000726       0x32 c:/st/stm32cubeide_1.3.0/stm32cubeide/plugins/com.st.stm32cube.ide.mcu.externaltools.gnu-tools-for-stm32.7-2018-q2-update.win32_1.4.0.202007081208/tools/bin/../lib/gcc/arm-none-eabi/7.3.1/../../../../arm-none-eabi/lib/thumb/v7e-m/fpv5/hard\libc_nano.a(lib_a-nano-mallocr.o)
 .ARM.attributes
                0x0000000000000758       0x32 c:/st/stm32cubeide_1.3.0/stm32cubeide/plugins/com.st.stm32cube.ide.mcu.externaltools.gnu-tools-for-stm32.7-2018-q2-update.win32_1.4.0.202007081208/tools/bin/../lib/gcc/arm-none-eabi/7.3.1/../../../../arm-none-eabi/lib/thumb/v7e-m/fpv5/hard\libc_nano.a(lib_a-sbrkr.o)
 .ARM.attributes
                0x000000000000078a       0x32 c:/st/stm32cubeide_1.3.0/stm32cubeide/plugins/com.st.stm32cube.ide.mcu.externaltools.gnu-tools-for-stm32.7-2018-q2-update.win32_1.4.0.202007081208/tools/bin/../lib/gcc/arm-none-eabi/7.3.1/../../../../arm-none-eabi/lib/thumb/v7e-m/fpv5/hard\libc_nano.a(lib_a-locale.o)
 .ARM.attributes
                0x00000000000007bc       0x32 c:/st/stm32cubeide_1.3.0/stm32cubeide/plugins/com.st.stm32cube.ide.mcu.externaltools.gnu-tools-for-stm32.7-2018-q2-update.win32_1.4.0.202007081208/tools/bin/../lib/gcc/arm-none-eabi/7.3.1/../../../../arm-none-eabi/lib/thumb/v7e-m/fpv5/hard\libc_nano.a(lib_a-mbtowc_r.o)
 .ARM.attributes
                0x00000000000007ee       0x32 c:/st/stm32cubeide_1.3.0/stm32cubeide/plugins/com.st.stm32cube.ide.mcu.externaltools.gnu-tools-for-stm32.7-2018-q2-update.win32_1.4.0.202007081208/tools/bin/../lib/gcc/arm-none-eabi/7.3.1/../../../../arm-none-eabi/lib/thumb/v7e-m/fpv5/hard\libc_nano.a(lib_a-mlock.o)
 .ARM.attributes
                0x0000000000000820       0x32 c:/st/stm32cubeide_1.3.0/stm32cubeide/plugins/com.st.stm32cube.ide.mcu.externaltools.gnu-tools-for-stm32.7-2018-q2-update.win32_1.4.0.202007081208/tools/bin/../lib/gcc/arm-none-eabi/7.3.1/../../../../arm-none-eabi/lib/thumb/v7e-m/fpv5/hard\libc_nano.a(lib_a-reent.o)
 .ARM.attributes
                0x0000000000000852       0x32 c:/st/stm32cubeide_1.3.0/stm32cubeide/plugins/com.st.stm32cube.ide.mcu.externaltools.gnu-tools-for-stm32.7-2018-q2-update.win32_1.4.0.202007081208/tools/bin/../lib/gcc/arm-none-eabi/7.3.1/../../../../arm-none-eabi/lib/thumb/v7e-m/fpv5/hard\libc_nano.a(lib_a-wctomb_r.o)
 .ARM.attributes
                0x0000000000000884       0x32 c:/st/stm32cubeide_1.3.0/stm32cubeide/plugins/com.st.stm32cube.ide.mcu.externaltools.gnu-tools-for-stm32.7-2018-q2-update.win32_1.4.0.202007081208/tools/bin/../lib/gcc/arm-none-eabi/7.3.1/../../../../arm-none-eabi/lib/thumb/v7e-m/fpv5/hard\libc_nano.a(lib_a-ctype_.o)
 .ARM.attributes
                0x00000000000008b6       0x20 c:/st/stm32cubeide_1.3.0/stm32cubeide/plugins/com.st.stm32cube.ide.mcu.externaltools.gnu-tools-for-stm32.7-2018-q2-update.win32_1.4.0.202007081208/tools/bin/../lib/gcc/arm-none-eabi/7.3.1/thumb/v7e-m/fpv5/hard\libgcc.a(_aeabi_uldivmod.o)
 .ARM.attributes
                0x00000000000008d6       0x32 c:/st/stm32cubeide_1.3.0/stm32cubeide/plugins/com.st.stm32cube.ide.mcu.externaltools.gnu-tools-for-stm32.7-2018-q2-update.win32_1.4.0.202007081208/tools/bin/../lib/gcc/arm-none-eabi/7.3.1/thumb/v7e-m/fpv5/hard\libgcc.a(_udivmoddi4.o)
 .ARM.attributes
                0x0000000000000908       0x20 c:/st/stm32cubeide_1.3.0/stm32cubeide/plugins/com.st.stm32cube.ide.mcu.externaltools.gnu-tools-for-stm32.7-2018-q2-update.win32_1.4.0.202007081208/tools/bin/../lib/gcc/arm-none-eabi/7.3.1/thumb/v7e-m/fpv5/hard\libgcc.a(_dvmd_tls.o)
 .ARM.attributes
                0x0000000000000928       0x20 c:/st/stm32cubeide_1.3.0/stm32cubeide/plugins/com.st.stm32cube.ide.mcu.externaltools.gnu-tools-for-stm32.7-2018-q2-update.win32_1.4.0.202007081208/tools/bin/../lib/gcc/arm-none-eabi/7.3.1/thumb/v7e-m/fpv5/hard/crtn.o
OUTPUT(STM32F7_BootLoader.elf elf32-littlearm)

.debug_info     0x0000000000000000     0xca70
 .debug_info    0x0000000000000000      0x805 Core/Src/common.o
 .debug_info    0x0000000000000805      0x4be Core/Src/flash_if.o
 .debug_info    0x0000000000000cc3     0x105d Core/Src/main.o
 .debug_info    0x0000000000001d20      0xefe Core/Src/menu.o
 .debug_info    0x0000000000002c1e      0xd05 Core/Src/stm32f7xx_hal_msp.o
 .debug_info    0x0000000000003923      0x75c Core/Src/stm32f7xx_it.o
 .debug_info    0x000000000000407f      0x91c Core/Src/sysmem.o
 .debug_info    0x000000000000499b      0x73d Core/Src/system_stm32f7xx.o
 .debug_info    0x00000000000050d8     0x17c6 Core/Src/ymodem.o
 .debug_info    0x000000000000689e       0x22 Core/Startup/startup_stm32f767zitx.o
 .debug_info    0x00000000000068c0      0xa37 Drivers/STM32F7xx_HAL_Driver/Src/stm32f7xx_hal.o
 .debug_info    0x00000000000072f7     0x108c Drivers/STM32F7xx_HAL_Driver/Src/stm32f7xx_hal_cortex.o
 .debug_info    0x0000000000008383      0x968 Drivers/STM32F7xx_HAL_Driver/Src/stm32f7xx_hal_dma.o
 .debug_info    0x0000000000008ceb      0x646 Drivers/STM32F7xx_HAL_Driver/Src/stm32f7xx_hal_flash.o
 .debug_info    0x0000000000009331      0x7c5 Drivers/STM32F7xx_HAL_Driver/Src/stm32f7xx_hal_flash_ex.o
 .debug_info    0x0000000000009af6      0x7e9 Drivers/STM32F7xx_HAL_Driver/Src/stm32f7xx_hal_gpio.o
 .debug_info    0x000000000000a2df      0x987 Drivers/STM32F7xx_HAL_Driver/Src/stm32f7xx_hal_rcc.o
 .debug_info    0x000000000000ac66      0x7d1 Drivers/STM32F7xx_HAL_Driver/Src/stm32f7xx_hal_rcc_ex.o
 .debug_info    0x000000000000b437     0x1639 Drivers/STM32F7xx_HAL_Driver/Src/stm32f7xx_hal_uart.o

.debug_abbrev   0x0000000000000000     0x243e
 .debug_abbrev  0x0000000000000000      0x1b0 Core/Src/common.o
 .debug_abbrev  0x00000000000001b0      0x16e Core/Src/flash_if.o
 .debug_abbrev  0x000000000000031e      0x2d2 Core/Src/main.o
 .debug_abbrev  0x00000000000005f0      0x239 Core/Src/menu.o
 .debug_abbrev  0x0000000000000829      0x195 Core/Src/stm32f7xx_hal_msp.o
 .debug_abbrev  0x00000000000009be      0x149 Core/Src/stm32f7xx_it.o
 .debug_abbrev  0x0000000000000b07      0x1bb Core/Src/sysmem.o
 .debug_abbrev  0x0000000000000cc2      0x147 Core/Src/system_stm32f7xx.o
 .debug_abbrev  0x0000000000000e09      0x2f1 Core/Src/ymodem.o
 .debug_abbrev  0x00000000000010fa       0x12 Core/Startup/startup_stm32f767zitx.o
 .debug_abbrev  0x000000000000110c      0x1c7 Drivers/STM32F7xx_HAL_Driver/Src/stm32f7xx_hal.o
 .debug_abbrev  0x00000000000012d3      0x2fa Drivers/STM32F7xx_HAL_Driver/Src/stm32f7xx_hal_cortex.o
 .debug_abbrev  0x00000000000015cd      0x229 Drivers/STM32F7xx_HAL_Driver/Src/stm32f7xx_hal_dma.o
 .debug_abbrev  0x00000000000017f6      0x248 Drivers/STM32F7xx_HAL_Driver/Src/stm32f7xx_hal_flash.o
 .debug_abbrev  0x0000000000001a3e      0x21d Drivers/STM32F7xx_HAL_Driver/Src/stm32f7xx_hal_flash_ex.o
 .debug_abbrev  0x0000000000001c5b      0x1c9 Drivers/STM32F7xx_HAL_Driver/Src/stm32f7xx_hal_gpio.o
 .debug_abbrev  0x0000000000001e24      0x268 Drivers/STM32F7xx_HAL_Driver/Src/stm32f7xx_hal_rcc.o
 .debug_abbrev  0x000000000000208c      0x1ad Drivers/STM32F7xx_HAL_Driver/Src/stm32f7xx_hal_rcc_ex.o
 .debug_abbrev  0x0000000000002239      0x205 Drivers/STM32F7xx_HAL_Driver/Src/stm32f7xx_hal_uart.o

.debug_aranges  0x0000000000000000      0x998
 .debug_aranges
                0x0000000000000000       0x38 Core/Src/common.o
 .debug_aranges
                0x0000000000000038       0x48 Core/Src/flash_if.o
 .debug_aranges
                0x0000000000000080       0x50 Core/Src/main.o
 .debug_aranges
                0x00000000000000d0       0x40 Core/Src/menu.o
 .debug_aranges
                0x0000000000000110       0x30 Core/Src/stm32f7xx_hal_msp.o
 .debug_aranges
                0x0000000000000140       0x68 Core/Src/stm32f7xx_it.o
 .debug_aranges
                0x00000000000001a8       0x20 Core/Src/sysmem.o
 .debug_aranges
                0x00000000000001c8       0x28 Core/Src/system_stm32f7xx.o
 .debug_aranges
                0x00000000000001f0       0x60 Core/Src/ymodem.o
 .debug_aranges
                0x0000000000000250       0x28 Core/Startup/startup_stm32f767zitx.o
 .debug_aranges
                0x0000000000000278      0x110 Drivers/STM32F7xx_HAL_Driver/Src/stm32f7xx_hal.o
 .debug_aranges
                0x0000000000000388      0x118 Drivers/STM32F7xx_HAL_Driver/Src/stm32f7xx_hal_cortex.o
 .debug_aranges
                0x00000000000004a0       0x90 Drivers/STM32F7xx_HAL_Driver/Src/stm32f7xx_hal_dma.o
 .debug_aranges
                0x0000000000000530       0xa0 Drivers/STM32F7xx_HAL_Driver/Src/stm32f7xx_hal_flash.o
 .debug_aranges
                0x00000000000005d0       0xa0 Drivers/STM32F7xx_HAL_Driver/Src/stm32f7xx_hal_flash_ex.o
 .debug_aranges
                0x0000000000000670       0x58 Drivers/STM32F7xx_HAL_Driver/Src/stm32f7xx_hal_gpio.o
 .debug_aranges
                0x00000000000006c8       0x88 Drivers/STM32F7xx_HAL_Driver/Src/stm32f7xx_hal_rcc.o
 .debug_aranges
                0x0000000000000750       0x50 Drivers/STM32F7xx_HAL_Driver/Src/stm32f7xx_hal_rcc_ex.o
 .debug_aranges
                0x00000000000007a0      0x1f8 Drivers/STM32F7xx_HAL_Driver/Src/stm32f7xx_hal_uart.o

.debug_ranges   0x0000000000000000      0x870
 .debug_ranges  0x0000000000000000       0x28 Core/Src/common.o
 .debug_ranges  0x0000000000000028       0x38 Core/Src/flash_if.o
 .debug_ranges  0x0000000000000060       0x40 Core/Src/main.o
 .debug_ranges  0x00000000000000a0       0x30 Core/Src/menu.o
 .debug_ranges  0x00000000000000d0       0x20 Core/Src/stm32f7xx_hal_msp.o
 .debug_ranges  0x00000000000000f0       0x58 Core/Src/stm32f7xx_it.o
 .debug_ranges  0x0000000000000148       0x10 Core/Src/sysmem.o
 .debug_ranges  0x0000000000000158       0x18 Core/Src/system_stm32f7xx.o
 .debug_ranges  0x0000000000000170       0x50 Core/Src/ymodem.o
 .debug_ranges  0x00000000000001c0       0x20 Core/Startup/startup_stm32f767zitx.o
 .debug_ranges  0x00000000000001e0      0x100 Drivers/STM32F7xx_HAL_Driver/Src/stm32f7xx_hal.o
 .debug_ranges  0x00000000000002e0      0x108 Drivers/STM32F7xx_HAL_Driver/Src/stm32f7xx_hal_cortex.o
 .debug_ranges  0x00000000000003e8       0x80 Drivers/STM32F7xx_HAL_Driver/Src/stm32f7xx_hal_dma.o
 .debug_ranges  0x0000000000000468       0x90 Drivers/STM32F7xx_HAL_Driver/Src/stm32f7xx_hal_flash.o
 .debug_ranges  0x00000000000004f8       0x90 Drivers/STM32F7xx_HAL_Driver/Src/stm32f7xx_hal_flash_ex.o
 .debug_ranges  0x0000000000000588       0x48 Drivers/STM32F7xx_HAL_Driver/Src/stm32f7xx_hal_gpio.o
 .debug_ranges  0x00000000000005d0       0x78 Drivers/STM32F7xx_HAL_Driver/Src/stm32f7xx_hal_rcc.o
 .debug_ranges  0x0000000000000648       0x40 Drivers/STM32F7xx_HAL_Driver/Src/stm32f7xx_hal_rcc_ex.o
 .debug_ranges  0x0000000000000688      0x1e8 Drivers/STM32F7xx_HAL_Driver/Src/stm32f7xx_hal_uart.o

.debug_macro    0x0000000000000000    0x2664d
 .debug_macro   0x0000000000000000      0x1f7 Core/Src/common.o
 .debug_macro   0x00000000000001f7      0xa66 Core/Src/common.o
 .debug_macro   0x0000000000000c5d       0x2e Core/Src/common.o
 .debug_macro   0x0000000000000c8b       0x3b Core/Src/common.o
 .debug_macro   0x0000000000000cc6       0x22 Core/Src/common.o
 .debug_macro   0x0000000000000ce8       0x8e Core/Src/common.o
 .debug_macro   0x0000000000000d76       0x51 Core/Src/common.o
 .debug_macro   0x0000000000000dc7       0xef Core/Src/common.o
 .debug_macro   0x0000000000000eb6       0x6a Core/Src/common.o
 .debug_macro   0x0000000000000f20      0x1df Core/Src/common.o
 .debug_macro   0x00000000000010ff       0x1c Core/Src/common.o
 .debug_macro   0x000000000000111b       0x22 Core/Src/common.o
 .debug_macro   0x000000000000113d       0xdf Core/Src/common.o
 .debug_macro   0x000000000000121c     0x12cd Core/Src/common.o
 .debug_macro   0x00000000000024e9      0x11f Core/Src/common.o
 .debug_macro   0x0000000000002608       0x19 Core/Src/common.o
 .debug_macro   0x0000000000002621    0x1a029 Core/Src/common.o
 .debug_macro   0x000000000001c64a       0x43 Core/Src/common.o
 .debug_macro   0x000000000001c68d      0x183 Core/Src/common.o
 .debug_macro   0x000000000001c810     0x363d Core/Src/common.o
 .debug_macro   0x000000000001fe4d      0x174 Core/Src/common.o
 .debug_macro   0x000000000001ffc1       0x61 Core/Src/common.o
 .debug_macro   0x0000000000020022     0x1add Core/Src/common.o
 .debug_macro   0x0000000000021aff      0x6c4 Core/Src/common.o
 .debug_macro   0x00000000000221c3      0x109 Core/Src/common.o
 .debug_macro   0x00000000000222cc      0x117 Core/Src/common.o
 .debug_macro   0x00000000000223e3      0x26f Core/Src/common.o
 .debug_macro   0x0000000000022652       0x27 Core/Src/common.o
 .debug_macro   0x0000000000022679      0x24f Core/Src/common.o
 .debug_macro   0x00000000000228c8       0x71 Core/Src/common.o
 .debug_macro   0x0000000000022939       0x58 Core/Src/common.o
 .debug_macro   0x0000000000022991      0x236 Core/Src/common.o
 .debug_macro   0x0000000000022bc7      0x14f Core/Src/common.o
 .debug_macro   0x0000000000022d16      0x3dc Core/Src/common.o
 .debug_macro   0x00000000000230f2       0x12 Core/Src/common.o
 .debug_macro   0x0000000000023104      0x22c Core/Src/common.o
 .debug_macro   0x0000000000023330       0x61 Core/Src/common.o
 .debug_macro   0x0000000000023391       0xa5 Core/Src/common.o
 .debug_macro   0x0000000000023436      0x12f Core/Src/common.o
 .debug_macro   0x0000000000023565      0x108 Core/Src/common.o
 .debug_macro   0x000000000002366d       0x35 Core/Src/common.o
 .debug_macro   0x00000000000236a2      0x519 Core/Src/common.o
 .debug_macro   0x0000000000023bbb       0x44 Core/Src/common.o
 .debug_macro   0x0000000000023bff      0x15c Core/Src/common.o
 .debug_macro   0x0000000000023d5b       0x40 Core/Src/common.o
 .debug_macro   0x0000000000023d9b       0x22 Core/Src/common.o
 .debug_macro   0x0000000000023dbd      0x1de Core/Src/flash_if.o
 .debug_macro   0x0000000000023f9b       0x4c Core/Src/flash_if.o
 .debug_macro   0x0000000000023fe7      0x204 Core/Src/main.o
 .debug_macro   0x00000000000241eb       0x52 Core/Src/main.o
 .debug_macro   0x000000000002423d       0x9a Core/Src/main.o
 .debug_macro   0x00000000000242d7      0x21f Core/Src/menu.o
 .debug_macro   0x00000000000244f6       0x46 Core/Src/menu.o
 .debug_macro   0x000000000002453c      0x1e2 Core/Src/stm32f7xx_hal_msp.o
 .debug_macro   0x000000000002471e      0x1ec Core/Src/stm32f7xx_it.o
 .debug_macro   0x000000000002490a      0x1ae Core/Src/sysmem.o
 .debug_macro   0x0000000000024ab8      0x23b Core/Src/sysmem.o
 .debug_macro   0x0000000000024cf3       0x16 Core/Src/sysmem.o
 .debug_macro   0x0000000000024d09      0x1d5 Core/Src/system_stm32f7xx.o
 .debug_macro   0x0000000000024ede      0x2cf Core/Src/ymodem.o
 .debug_macro   0x00000000000251ad       0x46 Core/Src/ymodem.o
 .debug_macro   0x00000000000251f3      0x32a Core/Src/ymodem.o
 .debug_macro   0x000000000002551d       0x10 Core/Src/ymodem.o
 .debug_macro   0x000000000002552d       0x20 Core/Src/ymodem.o
 .debug_macro   0x000000000002554d      0x1f3 Drivers/STM32F7xx_HAL_Driver/Src/stm32f7xx_hal.o
 .debug_macro   0x0000000000025740      0x1cf Drivers/STM32F7xx_HAL_Driver/Src/stm32f7xx_hal_cortex.o
 .debug_macro   0x000000000002590f      0x1d5 Drivers/STM32F7xx_HAL_Driver/Src/stm32f7xx_hal_dma.o
 .debug_macro   0x0000000000025ae4      0x1db Drivers/STM32F7xx_HAL_Driver/Src/stm32f7xx_hal_flash.o
 .debug_macro   0x0000000000025cbf      0x1db Drivers/STM32F7xx_HAL_Driver/Src/stm32f7xx_hal_flash_ex.o
 .debug_macro   0x0000000000025e9a      0x205 Drivers/STM32F7xx_HAL_Driver/Src/stm32f7xx_hal_gpio.o
 .debug_macro   0x000000000002609f      0x1f3 Drivers/STM32F7xx_HAL_Driver/Src/stm32f7xx_hal_rcc.o
 .debug_macro   0x0000000000026292      0x1cf Drivers/STM32F7xx_HAL_Driver/Src/stm32f7xx_hal_rcc_ex.o
 .debug_macro   0x0000000000026461      0x1ec Drivers/STM32F7xx_HAL_Driver/Src/stm32f7xx_hal_uart.o

.debug_line     0x0000000000000000     0x9fc3
 .debug_line    0x0000000000000000      0x7c4 Core/Src/common.o
 .debug_line    0x00000000000007c4      0x790 Core/Src/flash_if.o
 .debug_line    0x0000000000000f54      0x7bc Core/Src/main.o
 .debug_line    0x0000000000001710      0x7bc Core/Src/menu.o
 .debug_line    0x0000000000001ecc      0x6fa Core/Src/stm32f7xx_hal_msp.o
 .debug_line    0x00000000000025c6      0x77e Core/Src/stm32f7xx_it.o
 .debug_line    0x0000000000002d44      0x55e Core/Src/sysmem.o
 .debug_line    0x00000000000032a2      0x6da Core/Src/system_stm32f7xx.o
 .debug_line    0x000000000000397c      0xac1 Core/Src/ymodem.o
 .debug_line    0x000000000000443d       0x86 Core/Startup/startup_stm32f767zitx.o
 .debug_line    0x00000000000044c3      0x904 Drivers/STM32F7xx_HAL_Driver/Src/stm32f7xx_hal.o
 .debug_line    0x0000000000004dc7      0x9e4 Drivers/STM32F7xx_HAL_Driver/Src/stm32f7xx_hal_cortex.o
 .debug_line    0x00000000000057ab      0x98f Drivers/STM32F7xx_HAL_Driver/Src/stm32f7xx_hal_dma.o
 .debug_line    0x000000000000613a      0x8e3 Drivers/STM32F7xx_HAL_Driver/Src/stm32f7xx_hal_flash.o
 .debug_line    0x0000000000006a1d      0x8de Drivers/STM32F7xx_HAL_Driver/Src/stm32f7xx_hal_flash_ex.o
 .debug_line    0x00000000000072fb      0x8c8 Drivers/STM32F7xx_HAL_Driver/Src/stm32f7xx_hal_gpio.o
 .debug_line    0x0000000000007bc3      0x956 Drivers/STM32F7xx_HAL_Driver/Src/stm32f7xx_hal_rcc.o
 .debug_line    0x0000000000008519      0x8e4 Drivers/STM32F7xx_HAL_Driver/Src/stm32f7xx_hal_rcc_ex.o
 .debug_line    0x0000000000008dfd     0x11c6 Drivers/STM32F7xx_HAL_Driver/Src/stm32f7xx_hal_uart.o

.debug_str      0x0000000000000000    0xed6a4
 .debug_str     0x0000000000000000    0xe59bb Core/Src/common.o
                                      0xe60fe (size before relaxing)
 .debug_str     0x00000000000e59bb      0x58c Core/Src/flash_if.o
                                      0xe5fd5 (size before relaxing)
 .debug_str     0x00000000000e5f47      0x960 Core/Src/main.o
                                      0xe6b3c (size before relaxing)
 .debug_str     0x00000000000e68a7      0x7fb Core/Src/menu.o
                                      0xe6ed6 (size before relaxing)
 .debug_str     0x00000000000e70a2       0x50 Core/Src/stm32f7xx_hal_msp.o
                                      0xe667a (size before relaxing)
 .debug_str     0x00000000000e70f2       0xbd Core/Src/stm32f7xx_it.o
                                      0xe5f33 (size before relaxing)
 .debug_str     0x00000000000e71af     0x452e Core/Src/sysmem.o
                                       0x7af3 (size before relaxing)
 .debug_str     0x00000000000eb6dd       0x70 Core/Src/system_stm32f7xx.o
                                      0xe5c77 (size before relaxing)
 .debug_str     0x00000000000eb74d      0x263 Core/Src/ymodem.o
                                      0xe9977 (size before relaxing)
 .debug_str     0x00000000000eb9b0       0x36 Core/Startup/startup_stm32f767zitx.o
                                         0x56 (size before relaxing)
 .debug_str     0x00000000000eb9e6      0x3a8 Drivers/STM32F7xx_HAL_Driver/Src/stm32f7xx_hal.o
                                      0xe65f3 (size before relaxing)
 .debug_str     0x00000000000ebd8e      0x389 Drivers/STM32F7xx_HAL_Driver/Src/stm32f7xx_hal_cortex.o
                                      0xe666c (size before relaxing)
 .debug_str     0x00000000000ec117      0x31a Drivers/STM32F7xx_HAL_Driver/Src/stm32f7xx_hal_dma.o
                                      0xe5fb1 (size before relaxing)
 .debug_str     0x00000000000ec431      0x2c9 Drivers/STM32F7xx_HAL_Driver/Src/stm32f7xx_hal_flash.o
                                      0xe5d8c (size before relaxing)
 .debug_str     0x00000000000ec6fa      0x241 Drivers/STM32F7xx_HAL_Driver/Src/stm32f7xx_hal_flash_ex.o
                                      0xe5e47 (size before relaxing)
 .debug_str     0x00000000000ec93b      0x244 Drivers/STM32F7xx_HAL_Driver/Src/stm32f7xx_hal_gpio.o
                                      0xe5e4d (size before relaxing)
 .debug_str     0x00000000000ecb7f      0x246 Drivers/STM32F7xx_HAL_Driver/Src/stm32f7xx_hal_rcc.o
                                      0xe5fa0 (size before relaxing)
 .debug_str     0x00000000000ecdc5      0x169 Drivers/STM32F7xx_HAL_Driver/Src/stm32f7xx_hal_rcc_ex.o
                                      0xe5f60 (size before relaxing)
 .debug_str     0x00000000000ecf2e      0x776 Drivers/STM32F7xx_HAL_Driver/Src/stm32f7xx_hal_uart.o
                                      0xe6765 (size before relaxing)

.comment        0x0000000000000000       0x7b
 .comment       0x0000000000000000       0x7b Core/Src/common.o
                                         0x7c (size before relaxing)
 .comment       0x000000000000007b       0x7c Core/Src/flash_if.o
 .comment       0x000000000000007b       0x7c Core/Src/main.o
 .comment       0x000000000000007b       0x7c Core/Src/menu.o
 .comment       0x000000000000007b       0x7c Core/Src/stm32f7xx_hal_msp.o
 .comment       0x000000000000007b       0x7c Core/Src/stm32f7xx_it.o
 .comment       0x000000000000007b       0x7c Core/Src/sysmem.o
 .comment       0x000000000000007b       0x7c Core/Src/system_stm32f7xx.o
 .comment       0x000000000000007b       0x7c Core/Src/ymodem.o
 .comment       0x000000000000007b       0x7c Drivers/STM32F7xx_HAL_Driver/Src/stm32f7xx_hal.o
 .comment       0x000000000000007b       0x7c Drivers/STM32F7xx_HAL_Driver/Src/stm32f7xx_hal_cortex.o
 .comment       0x000000000000007b       0x7c Drivers/STM32F7xx_HAL_Driver/Src/stm32f7xx_hal_dma.o
 .comment       0x000000000000007b       0x7c Drivers/STM32F7xx_HAL_Driver/Src/stm32f7xx_hal_flash.o
 .comment       0x000000000000007b       0x7c Drivers/STM32F7xx_HAL_Driver/Src/stm32f7xx_hal_flash_ex.o
 .comment       0x000000000000007b       0x7c Drivers/STM32F7xx_HAL_Driver/Src/stm32f7xx_hal_gpio.o
 .comment       0x000000000000007b       0x7c Drivers/STM32F7xx_HAL_Driver/Src/stm32f7xx_hal_rcc.o
 .comment       0x000000000000007b       0x7c Drivers/STM32F7xx_HAL_Driver/Src/stm32f7xx_hal_rcc_ex.o
 .comment       0x000000000000007b       0x7c Drivers/STM32F7xx_HAL_Driver/Src/stm32f7xx_hal_uart.o

.debug_frame    0x0000000000000000     0x2b4c
 .debug_frame   0x0000000000000000       0xa8 Core/Src/common.o
 .debug_frame   0x00000000000000a8       0xe8 Core/Src/flash_if.o
 .debug_frame   0x0000000000000190      0x100 Core/Src/main.o
 .debug_frame   0x0000000000000290       0xb8 Core/Src/menu.o
 .debug_frame   0x0000000000000348       0x80 Core/Src/stm32f7xx_hal_msp.o
 .debug_frame   0x00000000000003c8      0x128 Core/Src/stm32f7xx_it.o
 .debug_frame   0x00000000000004f0       0x34 Core/Src/sysmem.o
 .debug_frame   0x0000000000000524       0x58 Core/Src/system_stm32f7xx.o
 .debug_frame   0x000000000000057c      0x15c Core/Src/ymodem.o
 .debug_frame   0x00000000000006d8      0x3f4 Drivers/STM32F7xx_HAL_Driver/Src/stm32f7xx_hal.o
 .debug_frame   0x0000000000000acc      0x498 Drivers/STM32F7xx_HAL_Driver/Src/stm32f7xx_hal_cortex.o
 .debug_frame   0x0000000000000f64      0x250 Drivers/STM32F7xx_HAL_Driver/Src/stm32f7xx_hal_dma.o
 .debug_frame   0x00000000000011b4      0x274 Drivers/STM32F7xx_HAL_Driver/Src/stm32f7xx_hal_flash.o
 .debug_frame   0x0000000000001428      0x284 Drivers/STM32F7xx_HAL_Driver/Src/stm32f7xx_hal_flash_ex.o
 .debug_frame   0x00000000000016ac      0x14c Drivers/STM32F7xx_HAL_Driver/Src/stm32f7xx_hal_gpio.o
 .debug_frame   0x00000000000017f8      0x1f4 Drivers/STM32F7xx_HAL_Driver/Src/stm32f7xx_hal_rcc.o
 .debug_frame   0x00000000000019ec      0x118 Drivers/STM32F7xx_HAL_Driver/Src/stm32f7xx_hal_rcc_ex.o
 .debug_frame   0x0000000000001b04      0x8f4 Drivers/STM32F7xx_HAL_Driver/Src/stm32f7xx_hal_uart.o
 .debug_frame   0x00000000000023f8       0x20 c:/st/stm32cubeide_1.3.0/stm32cubeide/plugins/com.st.stm32cube.ide.mcu.externaltools.gnu-tools-for-stm32.7-2018-q2-update.win32_1.4.0.202007081208/tools/bin/../lib/gcc/arm-none-eabi/7.3.1/../../../../arm-none-eabi/lib/thumb/v7e-m/fpv5/hard\libc_nano.a(lib_a-errno.o)
 .debug_frame   0x0000000000002418       0x2c c:/st/stm32cubeide_1.3.0/stm32cubeide/plugins/com.st.stm32cube.ide.mcu.externaltools.gnu-tools-for-stm32.7-2018-q2-update.win32_1.4.0.202007081208/tools/bin/../lib/gcc/arm-none-eabi/7.3.1/../../../../arm-none-eabi/lib/thumb/v7e-m/fpv5/hard\libc_nano.a(lib_a-init.o)
 .debug_frame   0x0000000000002444       0x20 c:/st/stm32cubeide_1.3.0/stm32cubeide/plugins/com.st.stm32cube.ide.mcu.externaltools.gnu-tools-for-stm32.7-2018-q2-update.win32_1.4.0.202007081208/tools/bin/../lib/gcc/arm-none-eabi/7.3.1/../../../../arm-none-eabi/lib/thumb/v7e-m/fpv5/hard\libc_nano.a(lib_a-memset.o)
 .debug_frame   0x0000000000002464       0x98 c:/st/stm32cubeide_1.3.0/stm32cubeide/plugins/com.st.stm32cube.ide.mcu.externaltools.gnu-tools-for-stm32.7-2018-q2-update.win32_1.4.0.202007081208/tools/bin/../lib/gcc/arm-none-eabi/7.3.1/../../../../arm-none-eabi/lib/thumb/v7e-m/fpv5/hard\libc_nano.a(lib_a-nano-vfprintf_float.o)
 .debug_frame   0x00000000000024fc       0x60 c:/st/stm32cubeide_1.3.0/stm32cubeide/plugins/com.st.stm32cube.ide.mcu.externaltools.gnu-tools-for-stm32.7-2018-q2-update.win32_1.4.0.202007081208/tools/bin/../lib/gcc/arm-none-eabi/7.3.1/../../../../arm-none-eabi/lib/thumb/v7e-m/fpv5/hard\libc_nano.a(lib_a-nano-vfprintf_i.o)
 .debug_frame   0x000000000000255c       0x28 c:/st/stm32cubeide_1.3.0/stm32cubeide/plugins/com.st.stm32cube.ide.mcu.externaltools.gnu-tools-for-stm32.7-2018-q2-update.win32_1.4.0.202007081208/tools/bin/../lib/gcc/arm-none-eabi/7.3.1/../../../../arm-none-eabi/lib/thumb/v7e-m/fpv5/hard\libc_nano.a(lib_a-strncmp.o)
 .debug_frame   0x0000000000002584       0x30 c:/st/stm32cubeide_1.3.0/stm32cubeide/plugins/com.st.stm32cube.ide.mcu.externaltools.gnu-tools-for-stm32.7-2018-q2-update.win32_1.4.0.202007081208/tools/bin/../lib/gcc/arm-none-eabi/7.3.1/../../../../arm-none-eabi/lib/thumb/v7e-m/fpv5/hard\libc_nano.a(lib_a-strstr.o)
 .debug_frame   0x00000000000025b4       0x6c c:/st/stm32cubeide_1.3.0/stm32cubeide/plugins/com.st.stm32cube.ide.mcu.externaltools.gnu-tools-for-stm32.7-2018-q2-update.win32_1.4.0.202007081208/tools/bin/../lib/gcc/arm-none-eabi/7.3.1/../../../../arm-none-eabi/lib/thumb/v7e-m/fpv5/hard\libc_nano.a(lib_a-dtoa.o)
 .debug_frame   0x0000000000002620       0x40 c:/st/stm32cubeide_1.3.0/stm32cubeide/plugins/com.st.stm32cube.ide.mcu.externaltools.gnu-tools-for-stm32.7-2018-q2-update.win32_1.4.0.202007081208/tools/bin/../lib/gcc/arm-none-eabi/7.3.1/../../../../arm-none-eabi/lib/thumb/v7e-m/fpv5/hard\libc_nano.a(lib_a-localeconv.o)
 .debug_frame   0x0000000000002660       0x30 c:/st/stm32cubeide_1.3.0/stm32cubeide/plugins/com.st.stm32cube.ide.mcu.externaltools.gnu-tools-for-stm32.7-2018-q2-update.win32_1.4.0.202007081208/tools/bin/../lib/gcc/arm-none-eabi/7.3.1/../../../../arm-none-eabi/lib/thumb/v7e-m/fpv5/hard\libc_nano.a(lib_a-malloc.o)
 .debug_frame   0x0000000000002690       0x28 c:/st/stm32cubeide_1.3.0/stm32cubeide/plugins/com.st.stm32cube.ide.mcu.externaltools.gnu-tools-for-stm32.7-2018-q2-update.win32_1.4.0.202007081208/tools/bin/../lib/gcc/arm-none-eabi/7.3.1/../../../../arm-none-eabi/lib/thumb/v7e-m/fpv5/hard\libc_nano.a(lib_a-memcpy-stub.o)
 .debug_frame   0x00000000000026b8      0x238 c:/st/stm32cubeide_1.3.0/stm32cubeide/plugins/com.st.stm32cube.ide.mcu.externaltools.gnu-tools-for-stm32.7-2018-q2-update.win32_1.4.0.202007081208/tools/bin/../lib/gcc/arm-none-eabi/7.3.1/../../../../arm-none-eabi/lib/thumb/v7e-m/fpv5/hard\libc_nano.a(lib_a-mprec.o)
 .debug_frame   0x00000000000028f0       0x2c c:/st/stm32cubeide_1.3.0/stm32cubeide/plugins/com.st.stm32cube.ide.mcu.externaltools.gnu-tools-for-stm32.7-2018-q2-update.win32_1.4.0.202007081208/tools/bin/../lib/gcc/arm-none-eabi/7.3.1/../../../../arm-none-eabi/lib/thumb/v7e-m/fpv5/hard\libc_nano.a(lib_a-nano-callocr.o)
 .debug_frame   0x000000000000291c       0x2c c:/st/stm32cubeide_1.3.0/stm32cubeide/plugins/com.st.stm32cube.ide.mcu.externaltools.gnu-tools-for-stm32.7-2018-q2-update.win32_1.4.0.202007081208/tools/bin/../lib/gcc/arm-none-eabi/7.3.1/../../../../arm-none-eabi/lib/thumb/v7e-m/fpv5/hard\libc_nano.a(lib_a-nano-mallocr.o)
 .debug_frame   0x0000000000002948       0x2c c:/st/stm32cubeide_1.3.0/stm32cubeide/plugins/com.st.stm32cube.ide.mcu.externaltools.gnu-tools-for-stm32.7-2018-q2-update.win32_1.4.0.202007081208/tools/bin/../lib/gcc/arm-none-eabi/7.3.1/../../../../arm-none-eabi/lib/thumb/v7e-m/fpv5/hard\libc_nano.a(lib_a-sbrkr.o)
 .debug_frame   0x0000000000002974       0x68 c:/st/stm32cubeide_1.3.0/stm32cubeide/plugins/com.st.stm32cube.ide.mcu.externaltools.gnu-tools-for-stm32.7-2018-q2-update.win32_1.4.0.202007081208/tools/bin/../lib/gcc/arm-none-eabi/7.3.1/../../../../arm-none-eabi/lib/thumb/v7e-m/fpv5/hard\libc_nano.a(lib_a-locale.o)
 .debug_frame   0x00000000000029dc       0x48 c:/st/stm32cubeide_1.3.0/stm32cubeide/plugins/com.st.stm32cube.ide.mcu.externaltools.gnu-tools-for-stm32.7-2018-q2-update.win32_1.4.0.202007081208/tools/bin/../lib/gcc/arm-none-eabi/7.3.1/../../../../arm-none-eabi/lib/thumb/v7e-m/fpv5/hard\libc_nano.a(lib_a-mbtowc_r.o)